###############################################################################
#
# IAR ELF Linker V9.30.1.335/W64 for ARM                  26/Sep/2024  21:40:46
# Copyright 2007-2022 IAR Systems AB.
#
#    Output file  =
#        S:\MM32-F070-DELTA-M200v3\Projects\EWARM\DEBUG\Exe\MM32.out
#    Map file     =
#        S:\MM32-F070-DELTA-M200v3\Projects\EWARM\DEBUG\List\MM32.map
#    Command line =
#        -f S:\MM32-F070-DELTA-M200v3\Projects\EWARM\DEBUG\Exe\MM32.out.rsp
#        (S:\MM32-F070-DELTA-M200v3\Projects\EWARM\DEBUG\Obj\FS\cardreader.o
#        S:\MM32-F070-DELTA-M200v3\Projects\EWARM\DEBUG\Obj\FS\ccsbcs.o
#        S:\MM32-F070-DELTA-M200v3\Projects\EWARM\DEBUG\Obj\Motion\configuration_store.o
#        S:\MM32-F070-DELTA-M200v3\Projects\EWARM\DEBUG\Obj\FS\diskio.o
#        S:\MM32-F070-DELTA-M200v3\Projects\EWARM\DEBUG\Obj\FS\ff.o
#        S:\MM32-F070-DELTA-M200v3\Projects\EWARM\DEBUG\Obj\Main.o
#        S:\MM32-F070-DELTA-M200v3\Projects\EWARM\DEBUG\Obj\Motion\Marlin_main.o
#        S:\MM32-F070-DELTA-M200v3\Projects\EWARM\DEBUG\Obj\Motion\MarlinSerial.o
#        S:\MM32-F070-DELTA-M200v3\Projects\EWARM\DEBUG\Obj\Motion\mesh_bed_leveling.o
#        S:\MM32-F070-DELTA-M200v3\Projects\EWARM\DEBUG\Obj\Motion\planner.o
#        S:\MM32-F070-DELTA-M200v3\Projects\EWARM\DEBUG\Obj\Motion\Platform.o
#        S:\MM32-F070-DELTA-M200v3\Projects\EWARM\DEBUG\Obj\Motion\port.o
#        S:\MM32-F070-DELTA-M200v3\Projects\EWARM\DEBUG\Obj\Motion\Print.o
#        S:\MM32-F070-DELTA-M200v3\Projects\EWARM\DEBUG\Obj\Motion\qr_solve.o
#        S:\MM32-F070-DELTA-M200v3\Projects\EWARM\DEBUG\Obj\FS\sd.o
#        S:\MM32-F070-DELTA-M200v3\Projects\EWARM\DEBUG\Obj\Motion\servo.o
#        S:\MM32-F070-DELTA-M200v3\Projects\EWARM\DEBUG\Obj\FS\SPI_MSD0_Driver.o
#        S:\MM32-F070-DELTA-M200v3\Projects\EWARM\DEBUG\Obj\STM32F0XX\startup_stm32f072.o
#        S:\MM32-F070-DELTA-M200v3\Projects\EWARM\DEBUG\Obj\Motion\stepper.o
#        S:\MM32-F070-DELTA-M200v3\Projects\EWARM\DEBUG\Obj\Motion\stepper_indirection.o
#        S:\MM32-F070-DELTA-M200v3\Projects\EWARM\DEBUG\Obj\USB\stm32_it.o
#        S:\MM32-F070-DELTA-M200v3\Projects\EWARM\DEBUG\Obj\STM32F0XX\STM32F072_StdPeriph_Driver\stm32f0xx_adc.o
#        S:\MM32-F070-DELTA-M200v3\Projects\EWARM\DEBUG\Obj\STM32F0XX\STM32F072_StdPeriph_Driver\stm32f0xx_can.o
#        S:\MM32-F070-DELTA-M200v3\Projects\EWARM\DEBUG\Obj\STM32F0XX\STM32F072_StdPeriph_Driver\stm32f0xx_cec.o
#        S:\MM32-F070-DELTA-M200v3\Projects\EWARM\DEBUG\Obj\STM32F0XX\STM32F072_StdPeriph_Driver\stm32f0xx_comp.o
#        S:\MM32-F070-DELTA-M200v3\Projects\EWARM\DEBUG\Obj\STM32F0XX\STM32F072_StdPeriph_Driver\stm32f0xx_crc.o
#        S:\MM32-F070-DELTA-M200v3\Projects\EWARM\DEBUG\Obj\STM32F0XX\STM32F072_StdPeriph_Driver\stm32f0xx_crs.o
#        S:\MM32-F070-DELTA-M200v3\Projects\EWARM\DEBUG\Obj\STM32F0XX\STM32F072_StdPeriph_Driver\stm32f0xx_dac.o
#        S:\MM32-F070-DELTA-M200v3\Projects\EWARM\DEBUG\Obj\STM32F0XX\STM32F072_StdPeriph_Driver\stm32f0xx_dbgmcu.o
#        S:\MM32-F070-DELTA-M200v3\Projects\EWARM\DEBUG\Obj\STM32F0XX\STM32F072_StdPeriph_Driver\stm32f0xx_dma.o
#        S:\MM32-F070-DELTA-M200v3\Projects\EWARM\DEBUG\Obj\STM32F0XX\STM32F072_StdPeriph_Driver\stm32f0xx_exti.o
#        S:\MM32-F070-DELTA-M200v3\Projects\EWARM\DEBUG\Obj\STM32F0XX\STM32F072_StdPeriph_Driver\stm32f0xx_flash.o
#        S:\MM32-F070-DELTA-M200v3\Projects\EWARM\DEBUG\Obj\STM32F0XX\STM32F072_StdPeriph_Driver\stm32f0xx_gpio.o
#        S:\MM32-F070-DELTA-M200v3\Projects\EWARM\DEBUG\Obj\STM32F0XX\STM32F072_StdPeriph_Driver\stm32f0xx_i2c.o
#        S:\MM32-F070-DELTA-M200v3\Projects\EWARM\DEBUG\Obj\STM32F0XX\STM32F072_StdPeriph_Driver\stm32f0xx_iwdg.o
#        S:\MM32-F070-DELTA-M200v3\Projects\EWARM\DEBUG\Obj\STM32F0XX\STM32F072_StdPeriph_Driver\stm32f0xx_misc.o
#        S:\MM32-F070-DELTA-M200v3\Projects\EWARM\DEBUG\Obj\STM32F0XX\STM32F072_StdPeriph_Driver\stm32f0xx_pwr.o
#        S:\MM32-F070-DELTA-M200v3\Projects\EWARM\DEBUG\Obj\STM32F0XX\STM32F072_StdPeriph_Driver\stm32f0xx_rcc.o
#        S:\MM32-F070-DELTA-M200v3\Projects\EWARM\DEBUG\Obj\STM32F0XX\STM32F072_StdPeriph_Driver\stm32f0xx_rtc.o
#        S:\MM32-F070-DELTA-M200v3\Projects\EWARM\DEBUG\Obj\STM32F0XX\STM32F072_StdPeriph_Driver\stm32f0xx_spi.o
#        S:\MM32-F070-DELTA-M200v3\Projects\EWARM\DEBUG\Obj\STM32F0XX\STM32F072_StdPeriph_Driver\stm32f0xx_syscfg.o
#        S:\MM32-F070-DELTA-M200v3\Projects\EWARM\DEBUG\Obj\STM32F0XX\STM32F072_StdPeriph_Driver\stm32f0xx_tim.o
#        S:\MM32-F070-DELTA-M200v3\Projects\EWARM\DEBUG\Obj\STM32F0XX\STM32F072_StdPeriph_Driver\stm32f0xx_usart.o
#        S:\MM32-F070-DELTA-M200v3\Projects\EWARM\DEBUG\Obj\STM32F0XX\STM32F072_StdPeriph_Driver\stm32f0xx_wwdg.o
#        S:\MM32-F070-DELTA-M200v3\Projects\EWARM\DEBUG\Obj\STM32F0XX\system_stm32f0xx.o
#        S:\MM32-F070-DELTA-M200v3\Projects\EWARM\DEBUG\Obj\Motion\temperature.o
#        S:\MM32-F070-DELTA-M200v3\Projects\EWARM\DEBUG\Obj\USB\usb_bsp.o
#        S:\MM32-F070-DELTA-M200v3\Projects\EWARM\DEBUG\Obj\STM32_USB_Device_Library\Drivers\usb_core.o
#        S:\MM32-F070-DELTA-M200v3\Projects\EWARM\DEBUG\Obj\STM32_USB_Device_Library\Drivers\usb_dcd.o
#        S:\MM32-F070-DELTA-M200v3\Projects\EWARM\DEBUG\Obj\STM32_USB_Device_Library\Drivers\usb_dcd_int.o
#        S:\MM32-F070-DELTA-M200v3\Projects\EWARM\DEBUG\Obj\STM32_USB_Device_Library\Class\CDC\usbd_cdc_core.o
#        S:\MM32-F070-DELTA-M200v3\Projects\EWARM\DEBUG\Obj\STM32_USB_Device_Library\Class\WRAPPER\usbd_cdc_msc_wrapper.o
#        S:\MM32-F070-DELTA-M200v3\Projects\EWARM\DEBUG\Obj\USB\usbd_cdc_vcp.o
#        S:\MM32-F070-DELTA-M200v3\Projects\EWARM\DEBUG\Obj\STM32_USB_Device_Library\Library\usbd_core.o
#        S:\MM32-F070-DELTA-M200v3\Projects\EWARM\DEBUG\Obj\USB\usbd_desc.o
#        S:\MM32-F070-DELTA-M200v3\Projects\EWARM\DEBUG\Obj\STM32_USB_Device_Library\Library\usbd_ioreq.o
#        S:\MM32-F070-DELTA-M200v3\Projects\EWARM\DEBUG\Obj\STM32_USB_Device_Library\Class\MSC\usbd_msc_bot.o
#        S:\MM32-F070-DELTA-M200v3\Projects\EWARM\DEBUG\Obj\STM32_USB_Device_Library\Class\MSC\usbd_msc_core.o
#        S:\MM32-F070-DELTA-M200v3\Projects\EWARM\DEBUG\Obj\STM32_USB_Device_Library\Class\MSC\usbd_msc_data.o
#        S:\MM32-F070-DELTA-M200v3\Projects\EWARM\DEBUG\Obj\STM32_USB_Device_Library\Class\MSC\usbd_msc_scsi.o
#        S:\MM32-F070-DELTA-M200v3\Projects\EWARM\DEBUG\Obj\USB\usbd_pwr.o
#        S:\MM32-F070-DELTA-M200v3\Projects\EWARM\DEBUG\Obj\STM32_USB_Device_Library\Library\usbd_req.o
#        S:\MM32-F070-DELTA-M200v3\Projects\EWARM\DEBUG\Obj\STM32_USB_Device_Library\Class\MSC\usbd_storage.o
#        S:\MM32-F070-DELTA-M200v3\Projects\EWARM\DEBUG\Obj\USB\usbd_usr.o
#        S:\MM32-F070-DELTA-M200v3\Projects\EWARM\DEBUG\Obj\Motion\vector_3.o
#        S:\MM32-F070-DELTA-M200v3\Projects\EWARM\DEBUG\Obj\Motion\wifi.o
#        S:\MM32-F070-DELTA-M200v3\Projects\EWARM\DEBUG\Obj\Motion\WString.o
#        --redirect _Scanf=_ScanfSmallNoMb --no_out_extension -o
#        S:\MM32-F070-DELTA-M200v3\Projects\EWARM\DEBUG\Exe\MM32.out --map
#        S:\MM32-F070-DELTA-M200v3\Projects\EWARM\DEBUG\List\MM32.map --config
#        S:\MM32-F070-DELTA-M200v3\Projects\EWARM\stm32f070xb_flash.icf --entry
#        __iar_program_start --inline --merge_duplicate_sections --vfe
#        --enable_stack_usage --text_out locale --cpu=Cortex-M0 --fpu=None)
#
###############################################################################

*******************************************************************************
*** MESSAGES
***

Warning[Ls016]: [stack usage analysis] the program contains at least one
          indirect call. Example: from "USBD_Init". A complete list of such
          functions is in the map file.
Warning[Ls017]: [stack usage analysis] the program contains at least one
          instance of recursion for which stack usage analysis has not been
          able to calculate a maximum stack depth. One function involved is
          "MarlinSerial::print(long, int)". A complete list of all recursion
          nests is in the map file.


*******************************************************************************
*** RUNTIME MODEL ATTRIBUTES
***

CppFlavor                     = *
__CPP_Exceptions              = Disabled
__CPP_Language                = C++14
__CPP_Library                 = DLib
__CPP_Runtime                 = 1
__Heap_Handler                = Basic
__SystemLibrary               = DLib
__dlib_dynamic_initialization = normal
__dlib_version                = 6


*******************************************************************************
*** HEAP SELECTION
***

The basic heap was selected because --advanced_heap
was not specified and the application did not appear to
be primarily optimized for speed.


*******************************************************************************
*** PLACEMENT SUMMARY
***

"A0":  place at address 0x800'2000 { ro section .intvec };
"P1":  place in [from 0x800'2000 to 0x801'ffff] { ro };
define block CSTACK with size = 2K, alignment = 8 { };
define block HEAP with size = 2K, alignment = 8 { };
"P2":  place in [from 0x2000'0100 to 0x2000'3fff] {
          rw, block CSTACK, block HEAP };
initialize by copy { rw };

  Section                Kind         Address      Size  Object
  -------                ----         -------      ----  ------
Absolute sections, part 1 of 4:                     0x4
  .noinit                uninit    0x800'1000       0x4  port.o [3]
                                 - 0x800'1004       0x4

"A0":                                              0xc0
  .intvec                ro code   0x800'2000      0xc0  startup_stm32f072.o [4]
                                 - 0x800'20c0      0xc0

"P1":                                          0x1'3ccf
  .text                  ro code   0x800'20c0    0x2c74  ff.o [2]
  .text                  ro code   0x800'4d34      0xe4  diskio.o [2]
  .text                  ro code   0x800'4e18      0x5e  I32DivMod.o [15]
  .text                  ro code   0x800'4e76       0xa  xsprout.o [12]
  .text                  ro code   0x800'4e80      0x94  ccsbcs.o [2]
  .text                  ro code   0x800'4f14      0x7c  I64DivMod.o [15]
  .text                  ro code   0x800'4f90     0xa42  SPI_MSD0_Driver.o [2]
  .rodata                const     0x800'59d2       0x2  Marlin_main.o [3]
  .text                  ro code   0x800'59d4      0x92  stm32f0xx_spi.o [5]
  .rodata                const     0x800'5a66       0x2  Marlin_main.o [3]
  .text                  ro code   0x800'5a68     0x2d0  stm32f0xx_rcc.o [5]
  .text                  ro code   0x800'5d38      0xa8  stm32f0xx_gpio.o [5]
  .text                  ro code   0x800'5de0      0xb6  sd.o [2]
  .text                  ro code   0x800'5e96       0xc  sd.o [2]
  .text                  ro code   0x800'5ea2       0xa  sd.o [2]
  .text                  ro code   0x800'5eac    0x27ec  Marlin_main.o [3]
  .text                  ro code   0x800'8698     0x944  cardreader.o [2]
  .text                  ro code   0x800'8fdc      0x10  cardreader.o [2]
  .text                  ro code   0x800'8fec     0x248  MarlinSerial.o [3]
  .text                  ro code   0x800'9234      0x32  FltToDbl.o [14]
  .rodata                const     0x800'9266       0x2  Marlin_main.o [3]
  .text                  ro code   0x800'9268    0x10fc  wifi.o [3]
  .text                  ro code   0x800'a364      0x22  strncpy_small.o [15]
  .text                  ro code   0x800'a386       0x2  startup_stm32f072.o [4]
  .text                  ro code   0x800'a388      0x10  strcpy_small.o [15]
  .text                  ro code   0x800'a398     0xfe0  configuration_store.o [3]
  .text                  ro code   0x800'b378    0x122c  temperature.o [3]
  .text                  ro code   0x800'c5a4     0x6d4  Platform.o [3]
  .text                  ro code   0x800'cc78     0xd10  planner.o [3]
  .text                  ro code   0x800'd988     0xb28  stepper.o [3]
  .text                  ro code   0x800'e4b0      0x48  Marlin_main.o [3]
  .text                  ro code   0x800'e4f8      0x10  ABImemset_small.o [15]
  .text                  ro code   0x800'e508      0x2e  strstr.o [12]
  .text                  ro code   0x800'e538      0x48  cardreader.o [2]
  .text                  ro code   0x800'e580      0x12  strchr.o [15]
  .text                  ro code   0x800'e594      0xa2  iar_Stolx.o [12]
  .text                  ro code   0x800'e638      0x14  strcmp_small.o [15]
  .text                  ro code   0x800'e64c      0x1e  Marlin_main.o [3]
  .text                  ro code   0x800'e66c      0x40  sprintf.o [12]
  .text                  ro code   0x800'e6ac       0x8  cardreader.o [2]
  .text                  ro code   0x800'e6b4     0x340  strto64.o [14]
  .text                  ro code   0x800'e9f4      0x62  DblToFlt.o [14]
  .text                  ro code   0x800'ea58      0x36  IxxToFlt.o [14]
  .text                  ro code   0x800'ea8e     0x120  FltAddSub.o [14]
  .text                  ro code   0x800'ebb0      0x1c  Marlin_main.o [3]
  .text                  ro code   0x800'ebcc      0x34  IxxToDbl.o [14]
  .text                  ro code   0x800'ec00     0x184  DblMul.o [14]
  .text                  ro code   0x800'ed84      0x10  Marlin_main.o [3]
  .text                  ro code   0x800'ed94      0xb0  FltMul.o [14]
  .text                  ro code   0x800'ee44      0x58  Marlin_main.o [3]
  .text                  ro code   0x800'ee9c      0x28  FltCmpGe.o [14]
  .text                  ro code   0x800'eec4      0x3a  FltToS32.o [14]
  .text                  ro code   0x800'ef00      0x20  Marlin_main.o [3]
  .text                  ro code   0x800'ef20      0x38  stm32f0xx_iwdg.o [5]
  .text                  ro code   0x800'ef58      0x38  Marlin_main.o [3]
  .text                  ro code   0x800'ef90      0x16  Marlin_main.o [3]
  .text                  ro code   0x800'efa8      0x10  Marlin_main.o [3]
  .text                  ro code   0x800'efb8      0x26  FltToU32.o [14]
  .text                  ro code   0x800'efe0     0x13c  Marlin_main.o [3]
  .text                  ro code   0x800'f11c      0x1c  Marlin_main.o [3]
  .text                  ro code   0x800'f138     0x1d4  Marlin_main.o [3]
  .text                  ro code   0x800'f30c     0x18c  Marlin_main.o [3]
  .text                  ro code   0x800'f498     0x154  Marlin_main.o [3]
  .text                  ro code   0x800'f5ec      0x26  FltCmpLe.o [14]
  .text                  ro code   0x800'f612      0xa4  FltDiv.o [14]
  .text                  ro code   0x800'f6b8     0x1ec  port.o [3]
  .text                  ro code   0x800'f8a4      0x30  stm32f0xx_syscfg.o [5]
  .text                  ro code   0x800'f8d4      0x20  FltCmpEq.o [14]
  .text                  ro code   0x800'f8f4     0x108  Marlin_main.o [3]
  .text                  ro code   0x800'f9fc     0x13c  Marlin_main.o [3]
  .text                  ro code   0x800'fb38     0x174  Marlin_main.o [3]
  .text                  ro code   0x800'fcac      0xdc  Marlin_main.o [3]
  .text                  ro code   0x800'fd88      0x20  stm32f0xx_pwr.o [5]
  .text                  ro code   0x800'fda8     0x19c  Marlin_main.o [3]
  .text                  ro code   0x800'ff44     0x1c8  Marlin_main.o [3]
  .text                  ro code   0x801'010c      0xf0  Marlin_main.o [3]
  .text                  ro code   0x801'01fc      0x30  Marlin_main.o [3]
  .text                  ro code   0x801'022c      0x14  Marlin_main.o [3]
  .text                  ro code   0x801'0240      0x22  hypot32.o [14]
  .text                  ro code   0x801'0262      0xce  atan2_32.o [14]
  .text                  ro code   0x801'0330      0x34  floorf.o [14]
  .text                  ro code   0x801'0364     0x258  cos_sin32.o [14]
  .text                  ro code   0x801'05bc     0x1c0  stm32f0xx_usart.o [5]
  .text                  ro code   0x801'077c     0x172  usbd_cdc_vcp.o [11]
  .text                  ro code   0x801'08f0       0xe  strlen.o [15]
  .text                  ro code   0x801'0900      0x4e  ABImemcpy.o [15]
  .text                  ro code   0x801'0950      0x3c  cardreader.o [2]
  .text                  ro code   0x801'098c      0x32  DblCmpLe.o [14]
  .text                  ro code   0x801'09be      0xc2  DblDiv.o [14]
  .text                  ro code   0x801'0a80     0x1b4  DblAddSub.o [14]
  .text                  ro code   0x801'0c34      0x52  DblToI32.o [14]
  .text                  ro code   0x801'0c88      0x24  wifi.o [3]
  .text                  ro code   0x801'0cac      0x92  usbd_usr.o [11]
  .text                  ro code   0x801'0d40     0x15c  iar_Stoulx.o [12]
  .text                  ro code   0x801'0e9c      0x2e  strncmp.o [12]
  .text                  ro code   0x801'0ecc      0x84  temperature.o [3]
  .text                  ro code   0x801'0f50      0x70  stm32f0xx_misc.o [5]
  .text                  ro code   0x801'0fc0     0x110  stm32f0xx_adc.o [5]
  .text                  ro code   0x801'10d0     0x108  stm32f0xx_dma.o [5]
  .text                  ro code   0x801'11d8      0xfc  stm32f0xx_flash.o [5]
  .text                  ro code   0x801'12d4      0xa6  stm32f0xx_tim.o [5]
  .text                  ro code   0x801'137a      0x32  ceilf.o [14]
  .text                  ro code   0x801'13ac      0x46  planner.o [3]
  .text                  ro code   0x801'13f2      0x2c  planner.o [3]
  .text                  ro code   0x801'141e      0x24  DblCmpEq.o [14]
  .text                  ro code   0x801'1444      0x3c  lround32.o [14]
  .text                  ro code   0x801'1480      0x66  sqrtf.o [14]
  .text                  ro code   0x801'14e8      0x50  lround64.o [14]
  .text                  ro code   0x801'1538      0x32  DblCmpGe.o [14]
  .text                  ro code   0x801'156c     0x184  stepper.o [3]
  .text                  ro code   0x801'16f0      0x20  stepper.o [3]
  .text                  ro code   0x801'1710      0x34  stepper.o [3]
  .text                  ro code   0x801'1744      0x32  I64Mul.o [15]
  .text                  ro code   0x801'1776     0x17e  xprintftiny.o [12]
  .text                  ro code   0x801'18f4      0x2a  frexp.o [14]
  .text                  ro code   0x801'191e      0x70  ldexp.o [14]
  .text                  ro code   0x801'198e     0x124  iar_Stopfx.o [12]
  .text                  ro code   0x801'1ab4     0x1c0  iar_Stoflt.o [12]
  .text                  ro code   0x801'1c74     0x22c  iar_Stoxflt.o [12]
  .text                  ro code   0x801'1ea0      0x14  Marlin_main.o [3]
  .text                  ro code   0x801'1eb4      0x2c  Marlin_main.o [3]
  .text                  ro code   0x801'1ee0      0x1c  strcat.o [12]
  .text                  ro code   0x801'1efc      0x2a  strncat.o [12]
  .text                  ro code   0x801'1f28     0x180  iar_Hypot32.o [14]
  .text                  ro code   0x801'20a8      0x5a  ldexpf.o [14]
  .text                  ro code   0x801'2104     0x12c  iar_Atan32.o [14]
  .text                  ro code   0x801'2230     0x324  usb_core.o [9]
  .text                  ro code   0x801'2554     0x3c8  usb_dcd.o [9]
  .text                  ro code   0x801'291c     0x25e  usbd_core.o [10]
  .text                  ro code   0x801'2b7c      0x16  memchr.o [15]
  .text                  ro code   0x801'2b94      0xa4  round32.o [14]
  .text                  ro code   0x801'2c38     0x13c  round64.o [14]
  .text                  ro code   0x801'2d74      0x22  frexpf.o [14]
  .text                  ro code   0x801'2d98     0x11e  usb_bsp.o [11]
  .text                  ro code   0x801'2eb8     0x138  usbd_desc.o [11]
  .text                  ro code   0x801'2ff0     0x3ec  usbd_req.o [10]
  .text                  ro code   0x801'33dc      0x58  usbd_ioreq.o [10]
  .rodata                const     0x801'3434     0x7b8  ccsbcs.o [2]
  .text                  ro code   0x801'3bec     0x414  Main.o [1]
  .text                  ro code   0x801'4000     0x360  usb_dcd_int.o [9]
  .text                  ro code   0x801'4360      0xc4  usbd_pwr.o [11]
  .text                  ro code   0x801'4424     0x270  usbd_cdc_core.o [6]
  .rodata                const     0x801'4694     0x228  configuration_store.o [3]
  .rodata                const     0x801'48bc     0x200  SPI_MSD0_Driver.o [2]
  .rodata                const     0x801'4abc     0x198  Marlin_main.o [3]
  .rodata                const     0x801'4c54     0x174  temperature.o [3]
  .rodata                const     0x801'4dc8     0x154  wifi.o [3]
  .rodata                const     0x801'4f1c     0x104  Marlin_main.o [3]
  .rodata                const     0x801'5020     0x100  ccsbcs.o [2]
  .rodata                const     0x801'5120      0xa4  temperature.o [3]
  .rodata                const     0x801'51c4      0x94  usbd_desc.o [11]
  .text                  ro code   0x801'5258      0x94  system_stm32f0xx.o [4]
  .rodata                const     0x801'52ec      0x84  temperature.o [3]
  .rodata                const     0x801'5370      0x80  ff.o [2]
  .text                  ro code   0x801'53f0      0x80  lz77_init_single.o [15]
  .rodata                const     0x801'5470      0x54  port.o [3]
  .rodata                const     0x801'54c4      0x50  iar_Stoulx.o [12]
  .rodata                const     0x801'5514      0x44  cardreader.o [2]
  .rodata                const     0x801'5558      0x48  strto64.o [14]
  .rodata                const     0x801'55a0      0x44  usbd_cdc_core.o [6]
  .text                  ro code   0x801'55e4      0x3c  zero_init3.o [15]
  .rodata                const     0x801'5620      0x34  configuration_store.o [3]
  .rodata                const     0x801'5654      0x28  Marlin_main.o [3]
  .rodata                const     0x801'567c      0x28  usbd_desc.o [11]
  .text                  ro code   0x801'56a4      0x28  data_init.o [15]
  .rodata                const     0x801'56cc      0x24  configuration_store.o [3]
  .rodata                const     0x801'56f0      0x24  Marlin_main.o [3]
  .rodata                const     0x801'5714      0x24  Marlin_main.o [3]
  .iar.init_table        const     0x801'5738      0x24  - Linker created -
  .rodata                const     0x801'575c      0x20  Marlin_main.o [3]
  .rodata                const     0x801'577c      0x20  Marlin_main.o [3]
  .rodata                const     0x801'579c      0x20  Marlin_main.o [3]
  .rodata                const     0x801'57bc      0x20  Marlin_main.o [3]
  .rodata                const     0x801'57dc      0x20  Marlin_main.o [3]
  .rodata                const     0x801'57fc      0x20  temperature.o [3]
  .text                  ro code   0x801'581c      0x20  cmain_call_ctors.o [15]
  .text                  ro code   0x801'583c      0x18  cppinit.o [12]
  .text                  ro code   0x801'5854      0x1e  cmain.o [15]
  .text                  ro code   0x801'5872       0x8  exit.o [12]
  .text                  ro code   0x801'587c       0xa  cexit.o [15]
  .text                  ro code   0x801'5888       0xc  XXexit.o [15]
  .rodata                const     0x801'5894      0x1c  Marlin_main.o [3]
  .rodata                const     0x801'58b0      0x1c  Marlin_main.o [3]
  .text                  ro code   0x801'58cc      0x1c  cstartup_M.o [15]
  .rodata                const     0x801'58e8      0x18  Marlin_main.o [3]
  .rodata                const     0x801'5900      0x18  Marlin_main.o [3]
  .rodata                const     0x801'5918      0x18  Marlin_main.o [3]
  .rodata                const     0x801'5930      0x18  Marlin_main.o [3]
  .rodata                const     0x801'5948      0x18  Marlin_main.o [3]
  .rodata                const     0x801'5960      0x18  Marlin_main.o [3]
  .rodata                const     0x801'5978      0x18  Marlin_main.o [3]
  .rodata                const     0x801'5990      0x18  Marlin_main.o [3]
  .rodata                const     0x801'59a8      0x18  Marlin_main.o [3]
  .rodata                const     0x801'59c0      0x14  Marlin_main.o [3]
  .rodata                const     0x801'59d4      0x14  Marlin_main.o [3]
  .rodata                const     0x801'59e8      0x14  Marlin_main.o [3]
  .rodata                const     0x801'59fc      0x14  Marlin_main.o [3]
  .rodata                const     0x801'5a10      0x14  Marlin_main.o [3]
  .text                  ro code   0x801'5a24      0x12  stm32_it.o [11]
  .rodata                const     0x801'5a38      0x10  Marlin_main.o [3]
  .rodata                const     0x801'5a48      0x10  Marlin_main.o [3]
  .rodata                const     0x801'5a58      0x10  Marlin_main.o [3]
  .rodata                const     0x801'5a68      0x10  Marlin_main.o [3]
  .rodata                const     0x801'5a78      0x10  Marlin_main.o [3]
  .rodata                const     0x801'5a88      0x10  Marlin_main.o [3]
  .rodata                const     0x801'5a98      0x10  Marlin_main.o [3]
  .text                  ro code   0x801'5aa8      0x10  startup_stm32f072.o [4]
  .rodata                const     0x801'5ab8       0xc  Marlin_main.o [3]
  .rodata                const     0x801'5ac4       0xc  Marlin_main.o [3]
  .rodata                const     0x801'5ad0       0xc  Marlin_main.o [3]
  .rodata                const     0x801'5adc       0xc  Marlin_main.o [3]
  .rodata                const     0x801'5ae8       0xc  Marlin_main.o [3]
  .rodata                const     0x801'5af4       0xc  Marlin_main.o [3]
  .rodata                const     0x801'5b00       0xc  Marlin_main.o [3]
  .rodata                const     0x801'5b0c       0xc  Marlin_main.o [3]
  .rodata                const     0x801'5b18       0xc  Marlin_main.o [3]
  .rodata                const     0x801'5b24       0xc  Marlin_main.o [3]
  .rodata                const     0x801'5b30       0xc  Marlin_main.o [3]
  .rodata                const     0x801'5b3c       0xc  stepper.o [3]
  .rodata                const     0x801'5b48       0x8  Marlin_main.o [3]
  .rodata                const     0x801'5b50       0x8  Marlin_main.o [3]
  .rodata                const     0x801'5b58       0x8  Marlin_main.o [3]
  .rodata                const     0x801'5b60       0x8  Marlin_main.o [3]
  .rodata                const     0x801'5b68       0x8  Marlin_main.o [3]
  .rodata                const     0x801'5b70       0x8  Marlin_main.o [3]
  .rodata                const     0x801'5b78       0x8  Marlin_main.o [3]
  .rodata                const     0x801'5b80       0x8  Marlin_main.o [3]
  .rodata                const     0x801'5b88       0x8  Marlin_main.o [3]
  .rodata                const     0x801'5b90       0x8  Marlin_main.o [3]
  .rodata                const     0x801'5b98       0x8  Marlin_main.o [3]
  .rodata                const     0x801'5ba0       0x8  Marlin_main.o [3]
  .rodata                const     0x801'5ba8       0x8  Marlin_main.o [3]
  .rodata                const     0x801'5bb0       0x8  Marlin_main.o [3]
  .rodata                const     0x801'5bb8       0x8  Marlin_main.o [3]
  .rodata                const     0x801'5bc0       0x8  Marlin_main.o [3]
  .rodata                const     0x801'5bc8       0x8  Marlin_main.o [3]
  .rodata                const     0x801'5bd0       0x4  Marlin_main.o [3]
  .rodata                const     0x801'5bd4       0x4  Marlin_main.o [3]
  .rodata                const     0x801'5bd8       0x4  Marlin_main.o [3]
  .rodata                const     0x801'5bdc       0x4  Marlin_main.o [3]
  .rodata                const     0x801'5be0       0x4  Marlin_main.o [3]
  .rodata                const     0x801'5be4       0x4  Marlin_main.o [3]
  .rodata                const     0x801'5be8       0x4  Marlin_main.o [3]
  .rodata                const     0x801'5bec       0x4  Marlin_main.o [3]
  .rodata                const     0x801'5bf0       0x4  Marlin_main.o [3]
  .rodata                const     0x801'5bf4       0x4  Marlin_main.o [3]
  .rodata                const     0x801'5bf8       0x4  Marlin_main.o [3]
  .rodata                const     0x801'5bfc       0x4  Marlin_main.o [3]
  .rodata                const     0x801'5c00       0x4  Marlin_main.o [3]
  .rodata                const     0x801'5c04       0x4  Marlin_main.o [3]
  .rodata                const     0x801'5c08       0x4  Marlin_main.o [3]
  .rodata                const     0x801'5c0c       0x4  temperature.o [3]
  SHT$$PREINIT_ARRAY               0x801'5c10       0x0  <Block>
  SHT$$INIT_ARRAY                  0x801'5c10       0x4  <Block>
    .init_array          const     0x801'5c10       0x4  Marlin_main.o [3]
  __iar_tls$$INIT_ARRAY            0x801'5c14       0x0  <Block>
  .rodata                const     0x801'5c14       0x0  zero_init3.o [15]
  .rodata                const     0x801'5c14       0x0  lz77_init_single.o [15]
  Initializer bytes      const     0x801'5c14     0x17b  <for P2-1>
                                 - 0x801'5d8f  0x1'3ccf

Absolute sections, part 2 of 4:                   0x400
  .noinit                uninit    0x801'fc00     0x400  Platform.o [3]
                                 - 0x802'0000     0x400

Absolute sections, part 3 of 4:                     0x4
  .noinit                uninit   0x2000'0400       0x4  Main.o [1]
                                - 0x2000'0404       0x4

Absolute sections, part 4 of 4:                     0x8
  .noinit                uninit   0x2000'0410       0x8  port.o [3]
                                - 0x2000'0418       0x8

"P2", part 1 of 3:                                0x741
  P2-1                            0x2000'0418     0x741  <Init block>
    .data                inited   0x2000'0418      0x60  Marlin_main.o [3]
    .data                inited   0x2000'0478      0x80  Marlin_main.o [3]
    .data                inited   0x2000'04f8      0x78  Marlin_main.o [3]
    .data                inited   0x2000'0570       0x8  Marlin_main.o [3]
    .data                inited   0x2000'0578       0x4  Marlin_main.o [3]
    .data                inited   0x2000'057c       0xc  Marlin_main.o [3]
    .data                inited   0x2000'0588      0x14  planner.o [3]
    .data                inited   0x2000'059c      0x10  port.o [3]
    .data                inited   0x2000'05ac      0x94  port.o [3]
    .data                inited   0x2000'0640      0x10  port.o [3]
    .data                inited   0x2000'0650      0x10  port.o [3]
    .data                inited   0x2000'0660       0xc  port.o [3]
    .data                inited   0x2000'066c      0x54  stepper.o [3]
    .data                inited   0x2000'06c0      0x10  stm32f0xx_rcc.o [5]
    .data                inited   0x2000'06d0      0xa8  temperature.o [3]
    .data                inited   0x2000'0778      0x5c  temperature.o [3]
    .data                inited   0x2000'07d4     0x10c  temperature.o [3]
    .data                inited   0x2000'08e0      0x14  usbd_cdc_core.o [6]
    .data                inited   0x2000'08f4      0x24  usbd_cdc_core.o [6]
    .data                inited   0x2000'0918       0xa  usbd_cdc_vcp.o [11]
    .data                inited   0x2000'0924      0x14  usbd_cdc_vcp.o [11]
    .data                inited   0x2000'0938      0x1c  usbd_core.o [10]
    .data                inited   0x2000'0954       0x4  usbd_core.o [10]
    .data                inited   0x2000'0958      0x28  usbd_desc.o [11]
    .data                inited   0x2000'0980      0x1c  usbd_desc.o [11]
    .data                inited   0x2000'099c     0x17c  usbd_usr.o [11]
    .data                inited   0x2000'0b18      0x38  wifi.o [3]
    .data                inited   0x2000'0b50       0x4  Platform.o [3]
    .data                inited   0x2000'0b54       0x1  port.o [3]
    .data                inited   0x2000'0b55       0x1  port.o [3]
    .data                inited   0x2000'0b56       0x1  port.o [3]
    .data                inited   0x2000'0b57       0x1  port.o [3]
    .data                inited   0x2000'0b58       0x1  port.o [3]
                                - 0x2000'0b59     0x741

"P2", part 2 of 3:                               0x1db0
  .bss                   zero     0x2000'0b60     0x6b0  Marlin_main.o [3]
  .bss                   zero     0x2000'1210     0x600  Marlin_main.o [3]
  .bss                   zero     0x2000'1810     0x580  planner.o [3]
  .bss                   zero     0x2000'1d90     0x268  ff.o [2]
  .bss                   zero     0x2000'1ff8     0x200  ff.o [2]
  .bss                   zero     0x2000'21f8     0x118  usbd_cdc_core.o [6]
  .bss                   zero     0x2000'2310     0x108  MarlinSerial.o [3]
  .bss                   zero     0x2000'2418     0x100  Platform.o [3]
  .bss                   zero     0x2000'2518     0x100  Platform.o [3]
  .bss                   zero     0x2000'2618      0x7c  planner.o [3]
  .bss                   zero     0x2000'2694      0x58  SPI_MSD0_Driver.o [2]
  .bss                   zero     0x2000'26ec      0x40  cardreader.o [2]
  .bss                   zero     0x2000'272c      0x40  usbd_cdc_core.o [6]
  .bss                   zero     0x2000'276c      0x40  usbd_req.o [10]
  .bss                   zero     0x2000'27ac      0x34  port.o [3]
  .bss                   zero     0x2000'27e0      0x28  Platform.o [3]
  .bss                   zero     0x2000'2808      0x20  usbd_cdc_vcp.o [11]
  .bss                   zero     0x2000'2828      0x20  wifi.o [3]
  .bss                   zero     0x2000'2848      0x20  wifi.o [3]
  .bss                   zero     0x2000'2868      0x20  wifi.o [3]
  .bss                   zero     0x2000'2888      0x18  Marlin_main.o [3]
  .bss                   zero     0x2000'28a0      0x14  temperature.o [3]
  .bss                   zero     0x2000'28b4      0x10  planner.o [3]
  .bss                   zero     0x2000'28c4       0xc  Platform.o [3]
  .bss                   zero     0x2000'28d0       0x8  usbd_pwr.o [11]
  .bss                   zero     0x2000'28d8       0x4  Marlin_main.o [3]
  .bss                   zero     0x2000'28dc       0x4  Marlin_main.o [3]
  .bss                   zero     0x2000'28e0       0x4  Marlin_main.o [3]
  .bss                   zero     0x2000'28e4       0x4  port.o [3]
  .bss                   zero     0x2000'28e8       0x4  port.o [3]
  .bss                   zero     0x2000'28ec       0x4  port.o [3]
  .bss                   zero     0x2000'28f0       0x4  usb_dcd.o [9]
  .bss                   zero     0x2000'28f4       0x4  usbd_req.o [10]
  .bss                   zero     0x2000'28f8       0x2  port.o [3]
  .bss                   zero     0x2000'28fa       0x2  port.o [3]
  .bss                   zero     0x2000'28fc       0x2  port.o [3]
  .bss                   zero     0x2000'28fe       0x1  cardreader.o [2]
  .bss                   zero     0x2000'28ff       0x1  Main.o [1]
  .bss                   zero     0x2000'2900       0x1  Marlin_main.o [3]
  .bss                   zero     0x2000'2901       0x1  Marlin_main.o [3]
  .bss                   zero     0x2000'2902       0x1  Marlin_main.o [3]
  .bss                   zero     0x2000'2903       0x1  MarlinSerial.o [3]
  .bss                   zero     0x2000'2904       0x1  SPI_MSD0_Driver.o [2]
  .bss                   zero     0x2000'2905       0x1  SPI_MSD0_Driver.o [2]
  .bss                   zero     0x2000'2906       0x1  temperature.o [3]
  .bss                   zero     0x2000'2907       0x1  usb_bsp.o [11]
  .bss                   zero     0x2000'2908       0x1  usbd_cdc_vcp.o [11]
                                - 0x2000'2909    0x1dad

"P2", part 3 of 3:                                0x800
  CSTACK                          0x2000'2910     0x800  <Block>
    CSTACK               uninit   0x2000'2910     0x800  <Block tail>
                                - 0x2000'3110     0x800

Unused ranges:

         From           To    Size
         ----           --    ----
   0x801'5d8f   0x801'fbff  0x9e71
  0x2000'0100  0x2000'03ff   0x300
  0x2000'0404  0x2000'040f     0xc
  0x2000'0b59  0x2000'0b5b     0x3
  0x2000'290c  0x2000'290f     0x4
  0x2000'3110  0x2000'3fff   0xef0


*******************************************************************************
*** INIT TABLE
***

          Address      Size
          -------      ----
Zero (__iar_zero_init3)
    1 destination range, total size 0x1da9:
          0x2000'0b60  0x1da9

Copy/lz77 (__iar_lz77_init_single3)
    1 source range, total size 0x17b (20% of destination):
           0x801'5c14   0x17b
    1 destination range, total size 0x741:
          0x2000'0418   0x741

Extra (__iar_cstart_call_ctors)


*******************************************************************************
*** STACK USAGE
***

  Call Graph Root Category  Max Use  Total Use
  ------------------------  -------  ---------
  Program entry              1'384      1'384
  Uncalled function            196      1'412


Program entry
  "__iar_program_start": 0x801'58cd

  Maximum call chain                            *?* 1'384  bytes
    (** call graph contains recursive functions (example: "MarlinSerial::print(long, int)")
                            indirect calls (example: "USBD_Init") **)

    "__iar_program_start"                               0
    "__cmain"                                           0
    "main"                                             32
    "update_LCD()"                                    752
    "f_open"                                          120
    "dir_register" in ff.o [2]                        120
    "dir_find" in ff.o [2]                             48
    "dir_read" in ff.o [2]                             40
    "load_xdir" in ff.o [2]                            24
    "dir_next" in ff.o [2]                             32
    "create_chain" in ff.o [2]                         48
    "get_fat" in ff.o [2]                              40
    "move_window" in ff.o [2]                          16
    "disk_read"                                         8
    "MSD0_ReadSingleBlock"                             16
    "SD_ReadBlock"                                     32
    "SD_SendCmd"                                       24
    "SD_WriteByte"                                      8
    "MSD0_spi_read_write"                              24
    "SPI_I2S_GetFlagStatus"                             0

Uncalled function
  "DMA1_Channel1_IRQHandler": 0x800'c7a1

  Maximum call chain                               32  bytes

    "DMA1_Channel1_IRQHandler"                     32
    "DMA_ClearITPendingBit"                         0

Uncalled function
  "DMA1_Channel4_5_6_7_IRQHandler": 0x800'cb35

  Maximum call chain                                8  bytes

    "DMA1_Channel4_5_6_7_IRQHandler"                8
    "DMA_ClearITPendingBit"                         0

Uncalled function
  "SysTick_Handler": 0x800'c5a5

  Maximum call chain                               24  bytes

    "SysTick_Handler"                              24
    "GPIO_ReadInputDataBit"                         0

Uncalled function
  "TIM1_BRK_UP_TRG_COM_IRQHandler": 0x800'c8c9

  Maximum call chain                              112  bytes

    "TIM1_BRK_UP_TRG_COM_IRQHandler"                8
    "stepper_timer()"                              24
    "enqueuecommands_P(char const *)"               8
    "[local to Marlin_main_cpp]::drain_queued_commands_P()" in Marlin_main.o [3]
                                                   56
    "enqueuecommand(char const *)"                 16
    "__iar_small_strcpy"                            0

Uncalled function
  "TIM2_IRQHandler": 0x800'c945

  Maximum call chain                            *?* 196  bytes
    (** call graph contains recursive functions (example: "MarlinSerial::print(long, int)") **)

    "TIM2_IRQHandler"                                 8
    "extruder_timer_exec()"                          32
    "max_temp_error(unsigned char)"                   8
    "_temp_error(int, char const *, char const *)"
                                                     24
    "MarlinSerial::print(int, int)"                   8
    "MarlinSerial::print(long, int)"                 16
    "MarlinSerial::write(unsigned char)"             16
    "CDC_Send_DATA"                                  32
    "DCD_EP_Tx"                                      24
    "SetEPDblBuffCount"                              28

Uncalled function
  "TIM3_IRQHandler": 0x800'c8f5

  Maximum call chain                                8  bytes

    "TIM3_IRQHandler"                               8

Uncalled function
  "USART1_IRQHandler": 0x800'cb81

  Maximum call chain                               36  bytes

    "USART1_IRQHandler"                            24
    "USART_GetITStatus"                            12

Uncalled function
  "EXTI4_15_IRQHandler": 0x801'5a35

  Maximum call chain                                0  bytes

    "EXTI4_15_IRQHandler"                           0

Uncalled function
  "HardFault_Handler": 0x801'5a27

  Maximum call chain                                0  bytes

    "HardFault_Handler"                             0

Uncalled function
  "NMI_Handler": 0x801'5a25

  Maximum call chain                                0  bytes

    "NMI_Handler"                                   0

Uncalled function
  "PendSV_Handler": 0x801'5a2b

  Maximum call chain                                0  bytes

    "PendSV_Handler"                                0

Uncalled function
  "SVC_Handler": 0x801'5a29

  Maximum call chain                                0  bytes

    "SVC_Handler"                                   0

Uncalled function
  "USB_IRQHandler": 0x801'5a2d

  Maximum call chain                            *?* 124  bytes
    (** call graph contains indirect calls (example: "USB_Istr") **)

    "USB_IRQHandler"                                  8
    "USB_Istr"                                       24
    "CTR"                                            40
    "DCD_EP_Tx"                                      24
    "SetEPDblBuffCount"                              28

Uncalled function
  "SystemInit": 0x801'5259

  Maximum call chain                                0  bytes

    "SystemInit"                                    0

Uncalled function
  "USBD_cdc_GetCfgDesc" in usbd_cdc_core.o [6]: 0x801'4679

  Maximum call chain                                0  bytes

    "USBD_cdc_GetCfgDesc" in usbd_cdc_core.o [6]
                                                    0

Uncalled function
  "usbd_cdc_DataIn": 0x801'4573

  Maximum call chain                               68  bytes

    "usbd_cdc_DataIn"                              16
    "DCD_EP_Tx"                                    24
    "SetEPDblBuffCount"                            28

Uncalled function
  "usbd_cdc_DataOut": 0x801'45cb

  Maximum call chain                            *?* 60  bytes
    (** call graph contains indirect calls (example: "usbd_cdc_DataOut") **)

    "usbd_cdc_DataOut"                              16
    "DCD_EP_PrepareRx"                              16
    "SetEPDblBuffCount"                             28

Uncalled function
  "usbd_cdc_DeInit": 0x801'4489

  Maximum call chain                            *?* 24  bytes
    (** call graph contains indirect calls (example: "usbd_cdc_DeInit") **)

    "usbd_cdc_DeInit"                                8
    "DCD_EP_Close"                                   8
    "SetEPRxStatus"                                  8

Uncalled function
  "usbd_cdc_EP0_RxReady": 0x801'4555

  Maximum call chain                            *?* 8  bytes
    (** call graph contains indirect calls (example: "usbd_cdc_EP0_RxReady") **)

    "usbd_cdc_EP0_RxReady"                          8

Uncalled function
  "usbd_cdc_Init": 0x801'4425

  Maximum call chain                            *?* 52  bytes
    (** call graph contains indirect calls (example: "usbd_cdc_Init") **)

    "usbd_cdc_Init"                                  8
    "DCD_EP_PrepareRx"                              16
    "SetEPDblBuffCount"                             28

Uncalled function
  "usbd_cdc_SOF": 0x801'45f5

  Maximum call chain                               84  bytes

    "usbd_cdc_SOF"                                 32
    "DCD_EP_Tx"                                    24
    "SetEPDblBuffCount"                            28

Uncalled function
  "usbd_cdc_Setup": 0x801'44ad

  Maximum call chain                            *?* 84  bytes
    (** call graph contains indirect calls (example: "usbd_cdc_Setup") **)

    "usbd_cdc_Setup"                                24
    "USBD_CtlSendData"                               8
    "DCD_EP_Tx"                                     24
    "SetEPDblBuffCount"                             28

Uncalled function
  "VCP_Ctrl" in usbd_cdc_vcp.o [11]: 0x801'0785

  Maximum call chain                               20  bytes

    "VCP_Ctrl" in usbd_cdc_vcp.o [11]               8
    "store_char_usb"                               12

Uncalled function
  "VCP_DataRx" in usbd_cdc_vcp.o [11]: 0x801'08d5

  Maximum call chain                               28  bytes

    "VCP_DataRx" in usbd_cdc_vcp.o [11]            16
    "store_char_usb"                               12

Uncalled function
  "VCP_DataTx" in usbd_cdc_vcp.o [11]: 0x801'07f9

  Maximum call chain                                0  bytes

    "VCP_DataTx" in usbd_cdc_vcp.o [11]             0

Uncalled function
  "VCP_DeInit" in usbd_cdc_vcp.o [11]: 0x801'0781

  Maximum call chain                                0  bytes

    "VCP_DeInit" in usbd_cdc_vcp.o [11]             0

Uncalled function
  "VCP_Init" in usbd_cdc_vcp.o [11]: 0x801'077d

  Maximum call chain                                0  bytes

    "VCP_Init" in usbd_cdc_vcp.o [11]               0

Uncalled function
  "USBD_DataInStage" in usbd_core.o [10]: 0x801'2a23

  Maximum call chain                            *?* 84  bytes
    (** call graph contains indirect calls (example: "USBD_DataInStage" in usbd_core.o [10]) **)

    "USBD_DataInStage" in usbd_core.o [10]          24
    "USBD_CtlContinueSendData"                       8
    "DCD_EP_Tx"                                     24
    "SetEPDblBuffCount"                             28

Uncalled function
  "USBD_DataOutStage" in usbd_core.o [10]: 0x801'29b7

  Maximum call chain                            *?* 68  bytes
    (** call graph contains indirect calls (example: "USBD_DataOutStage" in usbd_core.o [10]) **)

    "USBD_DataOutStage" in usbd_core.o [10]          8
    "USBD_CtlSendStatus"                             8
    "DCD_EP_Tx"                                     24
    "SetEPDblBuffCount"                             28

Uncalled function
  "USBD_Reset" in usbd_core.o [10]: 0x801'2ac9

  Maximum call chain                            *?* 40  bytes
    (** call graph contains indirect calls (example: "USBD_Reset" in usbd_core.o [10]) **)

    "USBD_Reset" in usbd_core.o [10]                 8
    "DCD_EP_Open"                                   16
    "SetEPDblBuffAddr"                              16

Uncalled function
  "USBD_Resume" in usbd_core.o [10]: 0x801'2b11

  Maximum call chain                            *?* 8  bytes
    (** call graph contains indirect calls (example: "USBD_Resume" in usbd_core.o [10]) **)

    "USBD_Resume" in usbd_core.o [10]               8

Uncalled function
  "USBD_SOF" in usbd_core.o [10]: 0x801'2b3f

  Maximum call chain                            *?* 8  bytes
    (** call graph contains indirect calls (example: "USBD_SOF" in usbd_core.o [10]) **)

    "USBD_SOF" in usbd_core.o [10]                  8

Uncalled function
  "USBD_SetupStage" in usbd_core.o [10]: 0x801'2955

  Maximum call chain                            *?* 100  bytes
    (** call graph contains indirect calls (example: "USBD_StdDevReq") **)

    "USBD_SetupStage" in usbd_core.o [10]            16
    "USBD_StdDevReq"                                 24
    "USBD_CtlSendData"                                8
    "DCD_EP_Tx"                                      24
    "SetEPDblBuffCount"                              28

Uncalled function
  "USBD_Suspend" in usbd_core.o [10]: 0x801'2b27

  Maximum call chain                            *?* 8  bytes
    (** call graph contains indirect calls (example: "USBD_Suspend" in usbd_core.o [10]) **)

    "USBD_Suspend" in usbd_core.o [10]              8

Uncalled function
  "USBD_USR_ConfigStrDescriptor": 0x801'2ef1

  Maximum call chain                               24  bytes

    "USBD_USR_ConfigStrDescriptor"                  8
    "USBD_GetString"                               16

Uncalled function
  "USBD_USR_DeviceDescriptor": 0x801'2eb9

  Maximum call chain                                0  bytes

    "USBD_USR_DeviceDescriptor"                     0

Uncalled function
  "USBD_USR_ExtCompatIDFeatureDescriptor": 0x801'2f19

  Maximum call chain                                0  bytes

    "USBD_USR_ExtCompatIDFeatureDescriptor"         0

Uncalled function
  "USBD_USR_ExtPropertiesFeatureDescriptor": 0x801'2f11

  Maximum call chain                                0  bytes

    "USBD_USR_ExtPropertiesFeatureDescriptor"       0

Uncalled function
  "USBD_USR_InterfaceStrDescriptor": 0x801'2efd

  Maximum call chain                               24  bytes

    "USBD_USR_InterfaceStrDescriptor"               8
    "USBD_GetString"                               16

Uncalled function
  "USBD_USR_LangIDStrDescriptor": 0x801'2ec1

  Maximum call chain                                0  bytes

    "USBD_USR_LangIDStrDescriptor"                  0

Uncalled function
  "USBD_USR_ManufacturerStrDescriptor": 0x801'2ed5

  Maximum call chain                               24  bytes

    "USBD_USR_ManufacturerStrDescriptor"            8
    "USBD_GetString"                               16

Uncalled function
  "USBD_USR_OSStrDescriptor": 0x801'2f09

  Maximum call chain                                0  bytes

    "USBD_USR_OSStrDescriptor"                      0

Uncalled function
  "USBD_USR_ProductStrDescriptor": 0x801'2ec9

  Maximum call chain                               24  bytes

    "USBD_USR_ProductStrDescriptor"                 8
    "USBD_GetString"                               16

Uncalled function
  "USBD_USR_SerialStrDescriptor": 0x801'2ee7

  Maximum call chain                                0  bytes

    "USBD_USR_SerialStrDescriptor"                  0

Uncalled function
  "USBD_USR_DeviceConfigured": 0x801'0cf7

  Maximum call chain                                8  bytes

    "USBD_USR_DeviceConfigured"                     8

Uncalled function
  "USBD_USR_DeviceReset": 0x801'0cdf

  Maximum call chain                                8  bytes

    "USBD_USR_DeviceReset"                          8

Uncalled function
  "USBD_USR_DeviceResumed": 0x801'0d3d

  Maximum call chain                                0  bytes

    "USBD_USR_DeviceResumed"                        0

Uncalled function
  "USBD_USR_DeviceSuspended": 0x801'0d39

  Maximum call chain                                8  bytes

    "USBD_USR_DeviceSuspended"                      8

Uncalled function
  "USBD_USR_Init": 0x801'0cdb

  Maximum call chain                                8  bytes

    "USBD_USR_Init"                                 8

The following functions make up recursion nest 0, which has no maximum recursion depth specified:

  "CardReader::printingHasFinished()": 0x800'8ec9
  "cancel_print()": 0x800'9419
  "get_command()": 0x800'6139
  "idle()": 0x800'84e5
  "line_to_destination(float)": 0x801'01fd
  "manage_inactivity(bool)": 0x800'84fb
  "plan_buffer_line(float const &, float const &, float const &, float const &, float, unsigned char)": 0x800'd0f5
  "prepare_move()": 0x800'80ed
  "st_synchronize()": 0x800'e375
  "wifi_process()": 0x800'9729
  "wifi_update()": 0x800'9f61

The following functions make up recursion nest 1, which has no maximum recursion depth specified:

  "MarlinSerial::print(char, int)": 0x800'908d
  "MarlinSerial::print(long, int)": 0x800'90ad
  "MarlinSerial::printNumber(unsigned long, unsigned char)": 0x800'910d

The following functions perform unknown indirect calls:

  "CTR": 0x801'4001
  "USBD_ClrCfg": 0x801'2b6b
  "USBD_DataInStage" in usbd_core.o [10]: 0x801'2a23
  "USBD_DataOutStage" in usbd_core.o [10]: 0x801'29b7
  "USBD_Init": 0x801'291d
  "USBD_Reset" in usbd_core.o [10]: 0x801'2ac9
  "USBD_Resume" in usbd_core.o [10]: 0x801'2b11
  "USBD_SOF" in usbd_core.o [10]: 0x801'2b3f
  "USBD_SetCfg": 0x801'2b53
  "USBD_StdDevReq": 0x801'2ff1
  "USBD_StdEPReq": 0x801'3291
  "USBD_StdItfReq": 0x801'3251
  "USBD_Suspend" in usbd_core.o [10]: 0x801'2b27
  "USBD_VendDevReq": 0x801'31f1
  "USB_Istr": 0x801'4265
  "process_next_command()": 0x800'6d91
  "usbd_cdc_DataOut": 0x801'45cb
  "usbd_cdc_DeInit": 0x801'4489
  "usbd_cdc_EP0_RxReady": 0x801'4555
  "usbd_cdc_Init": 0x801'4425
  "usbd_cdc_Setup": 0x801'44ad


*******************************************************************************
*** MODULE SUMMARY
***

    Module                 ro code  ro data  rw data  ro data  rw data
                                                       (abs)    (abs)
    ------                 -------  -------  -------  -------  -------
command line/config:
    ------------------------------------------------------------------
    Total:

S:\MM32-F070-DELTA-M200v3\Projects\EWARM\DEBUG\Obj: [1]
    Main.o                   1'044                 1                 4
    ------------------------------------------------------------------
    Total:                   1'044                 1                 4

S:\MM32-F070-DELTA-M200v3\Projects\EWARM\DEBUG\Obj\FS: [2]
    SPI_MSD0_Driver.o        2'626      512       90
    cardreader.o             2'528       68       65
    ccsbcs.o                   148    2'232
    diskio.o                   228
    ff.o                    11'380      128    1'128
    sd.o                       204
    ------------------------------------------------------------------
    Total:                  17'114    2'940    1'283

S:\MM32-F070-DELTA-M200v3\Projects\EWARM\DEBUG\Obj\Motion: [3]
    MarlinSerial.o             584               265
    Marlin_main.o           14'540    1'837    3'655
    Platform.o               1'748               568             1'024
    configuration_store.o    4'064      640
    planner.o                3'458        4    1'568
    port.o                     492      128      283        4        8
    stepper.o                3'328       29       84
    temperature.o            4'784      811      549
    wifi.o                   4'384      352      152
    ------------------------------------------------------------------
    Total:                  37'382    3'801    7'124        4    1'032

S:\MM32-F070-DELTA-M200v3\Projects\EWARM\DEBUG\Obj\STM32F0XX: [4]
    startup_stm32f072.o        210
    system_stm32f0xx.o         148
    ------------------------------------------------------------------
    Total:                     358

S:\MM32-F070-DELTA-M200v3\Projects\EWARM\DEBUG\Obj\STM32F0XX\STM32F072_StdPeriph_Driver: [5]
    stm32f0xx_adc.o            272
    stm32f0xx_dma.o            264
    stm32f0xx_flash.o          252
    stm32f0xx_gpio.o           168
    stm32f0xx_iwdg.o            56
    stm32f0xx_misc.o           112
    stm32f0xx_pwr.o             32
    stm32f0xx_rcc.o            720        4       16
    stm32f0xx_spi.o            146
    stm32f0xx_syscfg.o          48
    stm32f0xx_tim.o            166
    stm32f0xx_usart.o          448
    ------------------------------------------------------------------
    Total:                   2'684        4       16

S:\MM32-F070-DELTA-M200v3\Projects\EWARM\DEBUG\Obj\STM32_USB_Device_Library\Class\CDC: [6]
    usbd_cdc_core.o            624       80      400
    ------------------------------------------------------------------
    Total:                     624       80      400

S:\MM32-F070-DELTA-M200v3\Projects\EWARM\DEBUG\Obj\STM32_USB_Device_Library\Class\MSC: [7]
    ------------------------------------------------------------------
    Total:

S:\MM32-F070-DELTA-M200v3\Projects\EWARM\DEBUG\Obj\STM32_USB_Device_Library\Class\WRAPPER: [8]
    ------------------------------------------------------------------
    Total:

S:\MM32-F070-DELTA-M200v3\Projects\EWARM\DEBUG\Obj\STM32_USB_Device_Library\Drivers: [9]
    usb_core.o                 804
    usb_dcd.o                  968                 4
    usb_dcd_int.o              864
    ------------------------------------------------------------------
    Total:                   2'636                 4

S:\MM32-F070-DELTA-M200v3\Projects\EWARM\DEBUG\Obj\STM32_USB_Device_Library\Library: [10]
    usbd_core.o                606        7       32
    usbd_ioreq.o                88
    usbd_req.o               1'004                68
    ------------------------------------------------------------------
    Total:                   1'698        7      100

S:\MM32-F070-DELTA-M200v3\Projects\EWARM\DEBUG\Obj\USB: [11]
    stm32_it.o                  18
    usb_bsp.o                  286                 1
    usbd_cdc_vcp.o             370        6       63
    usbd_desc.o                312      202       68
    usbd_pwr.o                 196                 8
    usbd_usr.o                 146       77      380
    ------------------------------------------------------------------
    Total:                   1'328      285      520

dl6M_tln.a: [12]
    cppinit.o                   24
    exit.o                       8
    iar_Stoflt.o               448
    iar_Stolx.o                162
    iar_Stopfx.o               292
    iar_Stoulx.o               348       80
    iar_Stoxflt.o              556
    sprintf.o                   64
    strcat.o                    28
    strncat.o                   42
    strncmp.o                   46
    strstr.o                    46
    xprintftiny.o              382
    xsprout.o                   10
    ------------------------------------------------------------------
    Total:                   2'456       80

dlpprt6M_tl_nc.a: [13]
    ------------------------------------------------------------------
    Total:

m6M_tl.a: [14]
    DblAddSub.o                436
    DblCmpEq.o                  36
    DblCmpGe.o                  50
    DblCmpLe.o                  50
    DblDiv.o                   194
    DblMul.o                   388
    DblToFlt.o                  98
    DblToI32.o                  82
    FltAddSub.o                288
    FltCmpEq.o                  32
    FltCmpGe.o                  40
    FltCmpLe.o                  38
    FltDiv.o                   164
    FltMul.o                   176
    FltToDbl.o                  50
    FltToS32.o                  58
    FltToU32.o                  38
    IxxToDbl.o                  52
    IxxToFlt.o                  54
    atan2_32.o                 206
    ceilf.o                     50
    cos_sin32.o                600
    floorf.o                    52
    frexp.o                     42
    frexpf.o                    34
    hypot32.o                   34
    iar_Atan32.o               300
    iar_Hypot32.o              384
    ldexp.o                    112
    ldexpf.o                    90
    lround32.o                  60
    lround64.o                  80
    round32.o                  164
    round64.o                  316
    sqrtf.o                    102
    strto64.o                  832       72
    ------------------------------------------------------------------
    Total:                   5'782       72

rt6M_tl.a: [15]
    ABImemcpy.o                 78
    ABImemset_small.o           16
    I32DivMod.o                 94
    I64DivMod.o                124
    I64Mul.o                    50
    XXexit.o                    12
    cexit.o                     10
    cmain.o                     30
    cmain_call_ctors.o          32
    cstartup_M.o                28
    data_init.o                 40
    lz77_init_single.o         128
    memchr.o                    22
    strchr.o                    18
    strcmp_small.o              20
    strcpy_small.o              16
    strlen.o                    14
    strncpy_small.o             34
    zero_init3.o                60
    ------------------------------------------------------------------
    Total:                     826

    Gaps                        56        2        6
    Linker created                       36    2'048
----------------------------------------------------------------------
    Grand Total:            73'988    7'307   11'502        4    1'036


*******************************************************************************
*** ENTRY LIST
***

Entry                       Address    Size  Type      Object
-----                       -------    ----  ----      ------
.iar.init_table$$Base    0x801'5738           --   Gb  - Linker created -
.iar.init_table$$Limit   0x801'575c           --   Gb  - Linker created -
?main                    0x801'5855          Code  Gb  cmain.o [15]
ADC_ChannelConfig        0x801'103d     0xa  Code  Gb  stm32f0xx_adc.o [5]
ADC_Cmd                  0x801'1013    0x12  Code  Gb  stm32f0xx_adc.o [5]
ADC_DMACmd               0x801'1079    0x16  Code  Gb  stm32f0xx_adc.o [5]
ADC_DMARequestModeConfig
                         0x801'108f    0x10  Code  Gb  stm32f0xx_adc.o [5]
ADC_DeInit               0x801'0fc1    0x1e  Code  Gb  stm32f0xx_adc.o [5]
ADC_GetCalibrationFactor
                         0x801'1047    0x28  Code  Gb  stm32f0xx_adc.o [5]
ADC_GetFlagStatus        0x801'109f    0x1a  Code  Gb  stm32f0xx_adc.o [5]
ADC_Init                 0x801'0fdf    0x24  Code  Gb  stm32f0xx_adc.o [5]
ADC_StartOfConversion    0x801'106f     0xa  Code  Gb  stm32f0xx_adc.o [5]
ADC_StructInit           0x801'1003    0x10  Code  Gb  stm32f0xx_adc.o [5]
ADC_TempSensorCmd        0x801'1025    0x18  Code  Gb  stm32f0xx_adc.o [5]
ADDRESS                 0x2000'28f4     0x4  Data  Gb  usbd_req.o [10]
AD_Value                0x2000'27e4     0xc  Data  Gb  Platform.o [3]
AD_Value_avr            0x2000'27f0     0xc  Data  Gb  Platform.o [3]
APBAHBPrescTable        0x2000'06c0    0x10  Data  Lc  stm32f0xx_rcc.o [5]
APP_Rx_Buffer           0x2000'2210   0x100  Data  Gb  usbd_cdc_core.o [6]
APP_Rx_length           0x2000'2208     0x4  Data  Gb  usbd_cdc_core.o [6]
APP_Rx_ptr_in           0x2000'2200     0x4  Data  Gb  usbd_cdc_core.o [6]
APP_Rx_ptr_out          0x2000'2204     0x4  Data  Gb  usbd_cdc_core.o [6]
CDC_Send_DATA            0x801'080f    0x5c  Code  Gb  usbd_cdc_vcp.o [11]
CDC_Send_DATA_str        0x801'086b    0x56  Code  Gb  usbd_cdc_vcp.o [11]
CSTACK$$Base            0x2000'2910           --   Gb  - Linker created -
CSTACK$$Limit           0x2000'3110           --   Gb  - Linker created -
CTR                      0x801'4001   0x256  Code  Gb  usb_dcd_int.o [9]
CardReader::CardReader()
                         0x800'8699    0x2e  Code  Gb  cardreader.o [2]
CardReader::LcdListFile()
                         0x800'8d7d    0xa2  Code  Gb  cardreader.o [2]
CardReader::chdir(char const *)
                         0x800'8ead     0x6  Code  Gb  cardreader.o [2]
CardReader::closefile(bool)
                         0x800'8ce5    0x16  Code  Gb  cardreader.o [2]
CardReader::eof()        0x800'e64d    0x1e  Code  Wk  Marlin_main.o [3]
CardReader::findautoprint()
                         0x800'8e2d    0x7c  Code  Gb  cardreader.o [2]
CardReader::getAbsFilename(char *)
                         0x800'8891    0x5a  Code  Gb  cardreader.o [2]
CardReader::getStatus()
                         0x800'8be9    0x76  Code  Gb  cardreader.o [2]
CardReader::getfilename(unsigned short, char const *)
                         0x800'8cfb    0x74  Code  Gb  cardreader.o [2]
CardReader::initsd()     0x800'8809    0x4c  Code  Gb  cardreader.o [2]
CardReader::ls(bool)     0x800'86c7    0xea  Code  Gb  cardreader.o [2]
CardReader::openFile(char *, bool, bool)
                         0x800'891d   0x1f8  Code  Gb  cardreader.o [2]
CardReader::openLogFile(char *)
                         0x800'8881    0x10  Code  Gb  cardreader.o [2]
CardReader::pauseSDPrint()
                         0x800'8873     0xe  Code  Gb  cardreader.o [2]
CardReader::printLongPath(char *)
                         0x800'87b5    0x46  Code  Gb  cardreader.o [2]
CardReader::printingHasFinished()
                         0x800'8ec9    0xb6  Code  Gb  cardreader.o [2]
CardReader::release()    0x800'8855     0xa  Code  Gb  cardreader.o [2]
CardReader::removeFile(char *)
                         0x800'8bdd     0xa  Code  Gb  cardreader.o [2]
CardReader::setIndex(long)
                         0x800'ef91    0x16  Code  Wk  Marlin_main.o [3]
CardReader::startFileprint()
                         0x800'885f    0x14  Code  Gb  cardreader.o [2]
CardReader::updir()      0x800'8eb3     0x4  Code  Gb  cardreader.o [2]
CardReader::write_command(char *)
                         0x800'8c95    0x50  Code  Gb  cardreader.o [2]
ClearDTOG_RX             0x801'22fd    0x1a  Code  Gb  usb_core.o [9]
ClearDTOG_TX             0x801'231d    0x1a  Code  Gb  usb_core.o [9]
CmdBuff                 0x2000'08ec     0x8  Data  Gb  usbd_cdc_core.o [6]
Config_PrintSettings(bool)
                         0x800'ac89   0x680  Code  Gb  configuration_store.o [3]
Config_ResetDefault()    0x800'aae5    0xf0  Code  Gb  configuration_store.o [3]
Config_RetrieveSettings(bool)
                         0x800'a76d   0x2fa  Code  Gb  configuration_store.o [3]
Config_StoreSettings()   0x800'a419   0x2ae  Code  Gb  configuration_store.o [3]
DCD_DevConnect           0x801'28dd    0x10  Code  Gb  usb_dcd.o [9]
DCD_DevDisconnect        0x801'28ed    0x10  Code  Gb  usb_dcd.o [9]
DCD_EP_Close             0x801'26b1    0x7e  Code  Gb  usb_dcd.o [9]
DCD_EP_ClrStall          0x801'2869    0x48  Code  Gb  usb_dcd.o [9]
DCD_EP_Open              0x801'25b9    0xf8  Code  Gb  usb_dcd.o [9]
DCD_EP_PrepareRx         0x801'272f    0x56  Code  Gb  usb_dcd.o [9]
DCD_EP_SetAddress        0x801'28b1    0x2c  Code  Gb  usb_dcd.o [9]
DCD_EP_Stall             0x801'280d    0x56  Code  Gb  usb_dcd.o [9]
DCD_EP_Tx                0x801'2785    0x88  Code  Gb  usb_dcd.o [9]
DCD_Init                 0x801'2555    0x34  Code  Gb  usb_dcd.o [9]
DCD_PMA_Config           0x801'2589    0x30  Code  Gb  usb_dcd.o [9]
DEFAULT_AXIS_STEPS_PER_UNIT
                        0x2000'05e0    0x10  Data  Gb  port.o [3]
DEFAULT_MAX_ACCELERATION
                        0x2000'0650    0x10  Data  Gb  port.o [3]
DEFAULT_MAX_FEEDRATE    0x2000'0640    0x10  Data  Gb  port.o [3]
DIO100_PIN              0x2000'05b8     0x2  Data  Gb  port.o [3]
DIO100_PORT             0x2000'05f0     0x4  Data  Gb  port.o [3]
DIO101_PIN              0x2000'05ba     0x2  Data  Gb  port.o [3]
DIO101_PORT             0x2000'05f4     0x4  Data  Gb  port.o [3]
DIO102_PIN              0x2000'05bc     0x2  Data  Gb  port.o [3]
DIO102_PORT             0x2000'05f8     0x4  Data  Gb  port.o [3]
DIO103_PIN              0x2000'05be     0x2  Data  Gb  port.o [3]
DIO103_PORT             0x2000'05fc     0x4  Data  Gb  port.o [3]
DIO104_PIN              0x2000'05c0     0x2  Data  Gb  port.o [3]
DIO104_PORT             0x2000'0600     0x4  Data  Gb  port.o [3]
DIO105_PIN              0x2000'05c2     0x2  Data  Gb  port.o [3]
DIO105_PORT             0x2000'0604     0x4  Data  Gb  port.o [3]
DIO106_PIN              0x2000'05c4     0x2  Data  Gb  port.o [3]
DIO106_PORT             0x2000'0608     0x4  Data  Gb  port.o [3]
DIO107_PIN              0x2000'05c6     0x2  Data  Gb  port.o [3]
DIO107_PORT             0x2000'060c     0x4  Data  Gb  port.o [3]
DIO108_PIN              0x2000'05c8     0x2  Data  Gb  port.o [3]
DIO108_PORT             0x2000'0610     0x4  Data  Gb  port.o [3]
DIO109_PIN              0x2000'05ca     0x2  Data  Gb  port.o [3]
DIO109_PORT             0x2000'0614     0x4  Data  Gb  port.o [3]
DIO110_PIN              0x2000'05cc     0x2  Data  Gb  port.o [3]
DIO110_PORT             0x2000'0618     0x4  Data  Gb  port.o [3]
DIO111_PIN              0x2000'05ce     0x2  Data  Gb  port.o [3]
DIO111_PORT             0x2000'061c     0x4  Data  Gb  port.o [3]
DIO112_PIN              0x2000'05d0     0x2  Data  Gb  port.o [3]
DIO112_PORT             0x2000'0620     0x4  Data  Gb  port.o [3]
DIO113_PIN              0x2000'05d2     0x2  Data  Gb  port.o [3]
DIO113_PORT             0x2000'0624     0x4  Data  Gb  port.o [3]
DIO114_PIN              0x2000'05d4     0x2  Data  Gb  port.o [3]
DIO114_PORT             0x2000'0628     0x4  Data  Gb  port.o [3]
DIO115_PIN              0x2000'05d6     0x2  Data  Gb  port.o [3]
DIO115_PORT             0x2000'062c     0x4  Data  Gb  port.o [3]
DIO116_PIN              0x2000'05d8     0x2  Data  Gb  port.o [3]
DIO116_PORT             0x2000'0630     0x4  Data  Gb  port.o [3]
DIO117_PIN              0x2000'05da     0x2  Data  Gb  port.o [3]
DIO117_PORT             0x2000'0634     0x4  Data  Gb  port.o [3]
DIO118_PIN              0x2000'05dc     0x2  Data  Gb  port.o [3]
DIO118_PORT             0x2000'0638     0x4  Data  Gb  port.o [3]
DIO119_PIN              0x2000'05de     0x2  Data  Gb  port.o [3]
DIO119_PORT             0x2000'063c     0x4  Data  Gb  port.o [3]
DIO120_PIN              0x2000'28f8     0x2  Data  Gb  port.o [3]
DIO120_PORT             0x2000'28e4     0x4  Data  Gb  port.o [3]
DIO121_PIN              0x2000'28fa     0x2  Data  Gb  port.o [3]
DIO121_PORT             0x2000'28e8     0x4  Data  Gb  port.o [3]
DIO122_PIN              0x2000'28fc     0x2  Data  Gb  port.o [3]
DIO122_PORT             0x2000'28ec     0x4  Data  Gb  port.o [3]
DMA1_Channel1_IRQHandler
                         0x800'c7a1    0x98  Code  Gb  Platform.o [3]
DMA1_Channel4_5_6_7_IRQHandler
                         0x800'cb35    0x2a  Code  Gb  Platform.o [3]
DMA_ClearFlag            0x801'11a5     0x6  Code  Gb  stm32f0xx_dma.o [5]
DMA_ClearITPendingBit    0x801'11bf     0x6  Code  Gb  stm32f0xx_dma.o [5]
DMA_Cmd                  0x801'117d    0x14  Code  Gb  stm32f0xx_dma.o [5]
DMA_DeInit               0x801'10d1    0x76  Code  Gb  stm32f0xx_dma.o [5]
DMA_GetFlagStatus        0x801'11a3     0x2  Code  Gb  stm32f0xx_dma.o [5]
DMA_GetITStatus          0x801'11ad     0x2  Code  Gb  stm32f0xx_dma.o [5]
DMA_ITConfig             0x801'1191    0x12  Code  Gb  stm32f0xx_dma.o [5]
DMA_Init                 0x801'1147    0x36  Code  Gb  stm32f0xx_dma.o [5]
DirBuf                  0x2000'1d98   0x260  Data  Lc  ff.o [2]
Dtentox                  0x800'e6b5   0x1f8  Code  Lc  strto64.o [14]
EXTI4_15_IRQHandler      0x801'5a35     0x2  Code  Gb  stm32_it.o [11]
EXTRUDERS               0x2000'05ad     0x1  Data  Gb  port.o [3]
EndBuild()               0x800'93f1    0x1c  Code  Gb  wifi.o [3]
ExCvt                    0x801'5370    0x80  Data  Lc  ff.o [2]
FLASH_ClearFlag          0x801'127b     0x6  Code  Gb  stm32f0xx_flash.o [5]
FLASH_ErasePage          0x801'11f7    0x38  Code  Gb  stm32f0xx_flash.o [5]
FLASH_GetStatus          0x801'1281    0x28  Code  Gb  stm32f0xx_flash.o [5]
FLASH_Lock               0x801'11eb     0xc  Code  Gb  stm32f0xx_flash.o [5]
FLASH_OB_GetWRP          0x801'1275     0x6  Code  Gb  stm32f0xx_flash.o [5]
FLASH_ProgramHalfWord    0x801'122f    0x32  Code  Gb  stm32f0xx_flash.o [5]
FLASH_Unlock             0x801'11d9    0x12  Code  Gb  stm32f0xx_flash.o [5]
FLASH_WaitForLastOperation
                         0x801'12b5    0x20  Code  Gb  stm32f0xx_flash.o [5]
FatFs                   0x2000'1d94     0x4  Data  Lc  ff.o [2]
FlushSerialRequestResend()
                         0x800'8031    0x28  Code  Gb  Marlin_main.o [3]
FreeUserBuffer           0x801'24cd    0x24  Code  Gb  usb_core.o [9]
Fsid                    0x2000'1d90     0x2  Data  Lc  ff.o [2]
GPIO_Init                0x800'5d39    0x6a  Code  Gb  stm32f0xx_gpio.o [5]
GPIO_PinAFConfig         0x800'5dbf    0x22  Code  Gb  stm32f0xx_gpio.o [5]
GPIO_ReadInputDataBit    0x800'5da3     0x8  Code  Gb  stm32f0xx_gpio.o [5]
GPIO_ReadInputDataBit_filtered
                         0x800'f845    0x1e  Code  Gb  port.o [3]
GPIO_WriteBit            0x800'5db3     0xc  Code  Gb  stm32f0xx_gpio.o [5]
GetENDPOINT              0x801'2247     0xa  Code  Gb  usb_core.o [9]
GetEPDblBuf0Count        0x801'2495     0x2  Code  Gb  usb_core.o [9]
GetEPDblBuf1Count        0x801'24b5     0xe  Code  Gb  usb_core.o [9]
GetEPRxCount             0x801'23a1     0xe  Code  Gb  usb_core.o [9]
GetEPTxCount             0x801'239f     0x2  Code  Gb  usb_core.o [9]
GetEPTxStatus            0x801'22bb     0xc  Code  Gb  usb_core.o [9]
Get_SerialNum            0x801'2f21    0x26  Code  Gb  usbd_desc.o [11]
HSE_failed               0x801'2d99    0x5a  Code  Gb  usb_bsp.o [11]
HWVER                   0x2000'0410     0x8  Data  Wk  port.o [3]
HardFault_Handler        0x801'5a27     0x2  Code  Gb  stm32_it.o [11]
IWDG_Enable              0x800'ef3b     0x8  Code  Gb  stm32f0xx_iwdg.o [5]
IWDG_ReloadCounter       0x800'ef33     0x8  Code  Gb  stm32f0xx_iwdg.o [5]
IWDG_SetPrescaler        0x800'ef27     0x6  Code  Gb  stm32f0xx_iwdg.o [5]
IWDG_SetReload           0x800'ef2d     0x6  Code  Gb  stm32f0xx_iwdg.o [5]
IWDG_WriteAccessCmd      0x800'ef21     0x6  Code  Gb  stm32f0xx_iwdg.o [5]
IntToUnicode             0x801'2f5d    0x26  Code  Lc  usbd_desc.o [11]
Kc                      0x2000'08dc     0x4  Data  Gb  temperature.o [3]
Kd                      0x2000'0738     0x4  Data  Gb  temperature.o [3]
Ki                      0x2000'0734     0x4  Data  Gb  temperature.o [3]
Kp                      0x2000'0730     0x4  Data  Gb  temperature.o [3]
L                       0x2000'0418    0x28  Data  Gb  Marlin_main.o [3]
LfnBuf                  0x2000'1ff8   0x200  Data  Lc  ff.o [2]
LfnOfs                   0x800'3374    0x10  Data  Lc  ff.o [2]
MACHINE_TYPE             0x800'1000     0x4  Data  Wk  port.o [3]
MAGIC                   0x2000'0400     0x4  Data  Wk  Main.o [1]
MSD0_GetCardInfo         0x800'53a9   0x27c  Code  Gb  SPI_MSD0_Driver.o [2]
MSD0_Init                0x800'5201   0x196  Code  Gb  SPI_MSD0_Driver.o [2]
MSD0_Init2               0x800'51a7    0x46  Code  Gb  SPI_MSD0_Driver.o [2]
MSD0_ReadMultiBlock      0x800'5713    0x8c  Code  Gb  SPI_MSD0_Driver.o [2]
MSD0_ReadSingleBlock     0x800'56ab    0x68  Code  Gb  SPI_MSD0_Driver.o [2]
MSD0_SPIHighSpeed        0x800'5139    0x6e  Code  Gb  SPI_MSD0_Driver.o [2]
MSD0_SPI_Configuration   0x800'5053    0xe6  Code  Gb  SPI_MSD0_Driver.o [2]
MSD0_WriteMultiBlock     0x800'583b    0xe0  Code  Gb  SPI_MSD0_Driver.o [2]
MSD0_WriteSingleBlock    0x800'579f    0x9c  Code  Gb  SPI_MSD0_Driver.o [2]
MSD0_card_disable        0x800'4fb9    0x2c  Code  Gb  SPI_MSD0_Driver.o [2]
MSD0_card_enable         0x800'4f91    0x28  Code  Gb  SPI_MSD0_Driver.o [2]
MSD0_read_buffer         0x800'5625    0x86  Code  Gb  SPI_MSD0_Driver.o [2]
MSD0_send_command        0x800'5929    0x5c  Code  Gb  SPI_MSD0_Driver.o [2]
MSD0_send_command_hold   0x800'5985    0x4e  Code  Gb  SPI_MSD0_Driver.o [2]
MSD0_spi_read_write      0x800'5011    0x42  Code  Gb  SPI_MSD0_Driver.o [2]
MSG_M115_REPORT         0x2000'27b0    0x30  Data  Gb  port.o [3]
MarlinSerial::flush()    0x800'9085     0x8  Code  Gb  MarlinSerial.o [3]
MarlinSerial::print(char const *)
                         0x800'e6ad     0x8  Code  Wk  cardreader.o [2]
MarlinSerial::print(char, int)
                         0x800'908d     0x8  Code  Gb  MarlinSerial.o [3]
MarlinSerial::print(double, int)
                         0x800'90f9     0xe  Code  Gb  MarlinSerial.o [3]
MarlinSerial::print(int, int)
                         0x800'909d     0x8  Code  Gb  MarlinSerial.o [3]
MarlinSerial::print(long, int)
                         0x800'90ad    0x36  Code  Gb  MarlinSerial.o [3]
MarlinSerial::print(unsigned char, int)
                         0x800'9095     0x8  Code  Gb  MarlinSerial.o [3]
MarlinSerial::print(unsigned int, int)
                         0x800'90a5     0x8  Code  Gb  MarlinSerial.o [3]
MarlinSerial::print(unsigned long, int)
                         0x800'90e3    0x16  Code  Gb  MarlinSerial.o [3]
MarlinSerial::printFloat(double, unsigned char)
                         0x800'916b    0xb8  Code  Gb  MarlinSerial.o [3]
MarlinSerial::printNumber(unsigned long, unsigned char)
                         0x800'910d    0x5e  Code  Gb  MarlinSerial.o [3]
MarlinSerial::read()     0x800'9065    0x20  Code  Gb  MarlinSerial.o [3]
MarlinSerial::write(char const *)
                         0x801'0951    0x3c  Code  Wk  cardreader.o [2]
MarlinSerial::write(unsigned char *, unsigned char)
                         0x800'e539    0x48  Code  Wk  cardreader.o [2]
MarlinSerial::write(unsigned char)
                         0x800'ef59    0x38  Code  Wk  Marlin_main.o [3]
NMI_Handler              0x801'5a25     0x2  Code  Gb  stm32_it.o [11]
NVIC_Init                0x801'0f51    0x46  Code  Gb  stm32f0xx_misc.o [5]
OCR1A_nominal           0x2000'067a     0x2  Data  Lc  stepper.o [3]
PID_autotune(float, int, int)
                         0x800'b379   0x520  Code  Gb  temperature.o [3]
PMAToUserBufferCopy      0x801'2521    0x18  Code  Gb  usb_core.o [9]
PWR_BackupAccessCmd      0x800'fd89    0x16  Code  Gb  stm32f0xx_pwr.o [5]
PendSV_Handler           0x801'5a2b     0x2  Code  Gb  stm32_it.o [11]
PowerOff                 0x801'0cb7     0xa  Code  Gb  usbd_usr.o [11]
PowerOn                  0x801'0cad     0xa  Code  Gb  usbd_usr.o [11]
PrintingStatus()         0x800'952d   0x180  Code  Gb  wifi.o [3]
R                       0x2000'0440    0x28  Data  Gb  Marlin_main.o [3]
RCC_AHBPeriphClockCmd    0x800'5c65    0x14  Code  Gb  stm32f0xx_rcc.o [5]
RCC_APB1PeriphClockCmd   0x800'5c95    0x14  Code  Gb  stm32f0xx_rcc.o [5]
RCC_APB1PeriphResetCmd   0x800'5cc5    0x14  Code  Gb  stm32f0xx_rcc.o [5]
RCC_APB2PeriphClockCmd   0x800'5c7d    0x14  Code  Gb  stm32f0xx_rcc.o [5]
RCC_APB2PeriphResetCmd   0x800'5cb1    0x14  Code  Gb  stm32f0xx_rcc.o [5]
RCC_GetClocksFreq        0x800'5b45   0x11c  Code  Gb  stm32f0xx_rcc.o [5]
RCC_GetFlagStatus        0x800'5cdd    0x2a  Code  Gb  stm32f0xx_rcc.o [5]
RCC_HCLKConfig           0x800'5b13     0xa  Code  Gb  stm32f0xx_rcc.o [5]
RCC_HSEConfig            0x800'5a69     0xa  Code  Gb  stm32f0xx_rcc.o [5]
[...]
main                     0x801'3cd1   0x20e  Code  Gb  Main.o [1]
manage_heater()          0x800'bd11   0x16e  Code  Gb  temperature.o [3]
manage_inactivity(bool)
                         0x800'84fb    0x4c  Code  Gb  Marlin_main.o [3]
marlin_debug_flags      0x2000'0481     0x1  Data  Gb  Marlin_main.o [3]
max_acceleration_units_per_sq_second
                        0x2000'28b4    0x10  Data  Gb  planner.o [3]
max_allowable_speed(float, float, float)
                         0x801'13f3    0x2c  Code  Wk  planner.o [3]
max_e_jerk              0x2000'2688     0x4  Data  Gb  planner.o [3]
max_feedrate            0x2000'2660    0x10  Data  Gb  planner.o [3]
max_inactive_time       0x2000'04e8     0x4  Data  Lc  Marlin_main.o [3]
max_pos                 0x2000'0660     0xc  Data  Gb  port.o [3]
max_temp_error(unsigned char)
                         0x800'b9d9     0xe  Code  Gb  temperature.o [3]
max_xy_jerk             0x2000'2680     0x4  Data  Gb  planner.o [3]
max_z_jerk              0x2000'2684     0x4  Data  Gb  planner.o [3]
maxttemp                0x2000'0700     0x8  Data  Lc  temperature.o [3]
maxttemp_raw            0x2000'0798     0x8  Data  Lc  temperature.o [3]
mem_cmp                  0x800'2193    0x1a  Code  Lc  ff.o [2]
mem_cpy                  0x800'2177    0x12  Code  Lc  ff.o [2]
mem_set                  0x800'2189     0xa  Code  Lc  ff.o [2]
memchr                   0x801'2b7d          Code  Gb  memchr.o [15]
millis()                 0x800'c635     0x6  Code  Gb  Platform.o [3]
min_pos                 0x2000'2888     0xc  Data  Gb  Marlin_main.o [3]
min_temp_error(unsigned char)
                         0x800'ba29    0x10  Code  Gb  temperature.o [3]
minimumfeedrate         0x2000'2670     0x4  Data  Gb  planner.o [3]
minsegmenttime          0x2000'265c     0x4  Data  Gb  planner.o [3]
mintravelfeedrate       0x2000'268c     0x4  Data  Gb  planner.o [3]
minttemp                0x2000'06f8     0x8  Data  Lc  temperature.o [3]
minttemp_raw            0x2000'0790     0x8  Data  Lc  temperature.o [3]
model                   0x2000'27ac     0x1  Data  Gb  port.o [3]
move_window              0x800'2215    0x36  Code  Lc  ff.o [2]
ndigs                    0x801'54c4    0x28  Data  Lc  iar_Stoulx.o [12]
next_auto_fan_check_ms  0x2000'072c     0x4  Data  Lc  temperature.o [3]
no_wait_for_cooling     0x2000'04fb     0x1  Data  Gb  Marlin_main.o [3]
ok_to_send()             0x800'8079    0x6c  Code  Gb  Marlin_main.o [3]
old_endstop_bits        0x2000'0674     0x1  Data  Lc  stepper.o [3]
out                      0x801'1777    0x1a  Code  Lc  xprintftiny.o [12]
out_bits                0x2000'0671     0x1  Data  Lc  stepper.o [3]
pTerm                   0x2000'07e8     0x8  Data  Lc  temperature.o [3]
pid_error               0x2000'08d4     0x8  Data  Lc  temperature.o [3]
pid_reset               0x2000'07d4     0x2  Data  Lc  temperature.o [3]
plan_arc(float *, float *, unsigned char)
                         0x800'8199   0x2c6  Code  Gb  Marlin_main.o [3]
plan_buffer_line(float const &, float const &, float const &, float const &, float, unsigned char)
                         0x800'd0f5   0x79c  Code  Gb  planner.o [3]
plan_discard_current_block()
                         0x801'16f1    0x20  Code  Wk  stepper.o [3]
plan_init()              0x800'cf8b    0x2c  Code  Gb  planner.o [3]
plan_set_e_position(float const &)
                         0x800'd92d    0x1c  Code  Gb  planner.o [3]
plan_set_position(float const &, float const &, float const &, float const &)
                         0x800'd891    0x9c  Code  Gb  planner.o [3]
planner_forward_pass()   0x800'cecb    0x38  Code  Gb  planner.o [3]
planner_forward_pass_kernel(block_t *, block_t *, block_t *)
                         0x800'ce5d    0x6e  Code  Gb  planner.o [3]
planner_recalculate_trapezoids()
                         0x800'cf03    0x88  Code  Gb  planner.o [3]
planner_reverse_pass()   0x800'ce13    0x4a  Code  Gb  planner.o [3]
planner_reverse_pass_kernel(block_t *, block_t *, block_t *)
                         0x800'cdb5    0x5e  Code  Gb  planner.o [3]
port_init                0x800'f737    0xe0  Code  Gb  port.o [3]
position                0x2000'263c    0x10  Data  Gb  planner.o [3]
pows                     0x801'5558    0x48  Data  Lc  strto64.o [14]
prepare_move()           0x800'80ed    0x3e  Code  Gb  Marlin_main.o [3]
previous_cmd_ms         0x2000'04e4     0x4  Data  Gb  Marlin_main.o [3]
previous_nominal_speed  0x2000'2690     0x4  Data  Lc  planner.o [3]
previous_speed          0x2000'264c    0x10  Data  Lc  planner.o [3]
print_endstop(unsigned char)
                         0x801'3c15    0x34  Code  Gb  Main.o [1]
print_job_start_ms      0x2000'04f0     0x4  Data  Gb  Marlin_main.o [3]
print_job_stop_ms       0x2000'04f4     0x4  Data  Gb  Marlin_main.o [3]
process_next_command()   0x800'6d91  0x128a  Code  Gb  Marlin_main.o [3]
procpos                 0x2000'0468     0x4  Data  Gb  Marlin_main.o [3]
put_fat                  0x800'2451   0x10a  Code  Lc  ff.o [2]
putc(char)               0x800'ef01    0x20  Code  Wk  Marlin_main.o [3]
puts(unsigned char *, unsigned short)
                         0x800'6a21    0x1a  Code  Gb  Marlin_main.o [3]
queued_commands_P       0x2000'28dc     0x4  Data  Gb  Marlin_main.o [3]
quickStop()              0x800'e411    0x36  Code  Gb  stepper.o [3]
raw_temp_bed_value      0x2000'2804     0x2  Data  Gb  Platform.o [3]
raw_temp_cpu_value      0x2000'2806     0x2  Data  Gb  Platform.o [3]
raw_temp_value          0x2000'27fc     0x8  Data  Gb  Platform.o [3]
recal_probe_offset      0x2000'056c     0x4  Data  Gb  Marlin_main.o [3]
refresh_cmd_timeout()    0x800'efa9    0x10  Code  Wk  Marlin_main.o [3]
relative_mode           0x2000'0485     0x1  Data  Gb  Marlin_main.o [3]
remotewakeupon          0x2000'28d4     0x4  Data  Gb  usbd_pwr.o [11]
remove_chain             0x800'25ff    0xe8  Code  Lc  ff.o [2]
reset_acceleration_rates()
                         0x800'd949    0x26  Code  Gb  planner.o [3]
reset_invert_bit         0x800'f715    0x22  Code  Gb  port.o [3]
retract_acceleration    0x2000'2678     0x4  Data  Gb  planner.o [3]
round                    0x801'2c39   0x13c  Code  Gb  round64.o [14]
roundf                   0x801'2b95    0xa4  Code  Gb  round32.o [14]
roundl                   0x801'2c39   0x13c  Code  Gb  round64.o [14]
rx_buffer               0x2000'2310   0x108  Data  Gb  MarlinSerial.o [3]
saved_feedrate          0x2000'0514     0x4  Data  Gb  Marlin_main.o [3]
saved_feedrate_multiplier
                        0x2000'0564     0x4  Data  Gb  Marlin_main.o [3]
scalbln                  0x801'191f          Code  Gb  ldexp.o [14]
scalblnf                 0x801'20a9          Code  Gb  ldexpf.o [14]
scalblnl                 0x801'191f          Code  Gb  ldexp.o [14]
scalbn                   0x801'191f          Code  Gb  ldexp.o [14]
scalbnf                  0x801'20a9          Code  Gb  ldexpf.o [14]
scalbnl                  0x801'191f          Code  Gb  ldexp.o [14]
scalePID_d(float)        0x800'c535     0x2  Code  Gb  temperature.o [3]
scalePID_i(float)        0x800'c52d     0x4  Code  Gb  temperature.o [3]
sd_crc16                 0x800'4fe5    0x2c  Code  Gb  SPI_MSD0_Driver.o [2]
sdprint_cancel          0x2000'04fe     0x1  Data  Gb  Marlin_main.o [3]
sdprinting              0x2000'28fe     0x1  Data  Gb  cardreader.o [2]
seen_pointer            0x2000'04e0     0x4  Data  Lc  Marlin_main.o [3]
serial_char             0x2000'04f9     0x1  Data  Lc  Marlin_main.o [3]
serial_count            0x2000'0568     0x4  Data  Lc  Marlin_main.o [3]
serial_echopair_P(char const *, float)
                         0x800'5ecb    0x1e  Code  Gb  Marlin_main.o [3]
serial_echopair_P(char const *, int)
                         0x800'5eb7    0x14  Code  Gb  Marlin_main.o [3]
serial_echopair_P(char const *, unsigned long)
                         0x800'5ee9    0x14  Code  Gb  Marlin_main.o [3]
serial_init(int)         0x800'ca39    0xfc  Code  Gb  Platform.o [3]
serial_rate             0x2000'2900     0x1  Data  Gb  Marlin_main.o [3]
serialprintPGM(char const *)
                         0x800'8fdd    0x10  Code  Wk  cardreader.o [2]
setTargetHotend(float const &, unsigned char)
                         0x800'f11d    0x1c  Code  Wk  Marlin_main.o [3]
setTargetedHotend(int)   0x800'8581    0x60  Code  Gb  Marlin_main.o [3]
set_axis_is_at_home(AxisEnum)
                         0x800'65c9    0x3c  Code  Gb  Marlin_main.o [3]
set_current_to_destination()
                         0x801'022d    0x14  Code  Wk  Marlin_main.o [3]
set_destination_to_current()
                         0x801'1ea1    0x14  Code  Wk  Marlin_main.o [3]
set_homing_bump_feedrate(AxisEnum)
                         0x800'ee45    0x58  Code  Wk  Marlin_main.o [3]
set_homing_bump_feedrate(AxisEnum)::homing_bump_divisor
                         0x801'4c38     0xc  Data  Lc  Marlin_main.o [3]
set_homing_bump_feedrate(AxisEnum)::string
                         0x801'56f0    0x24  Data  Wk  Marlin_main.o [3]
set_homing_bump_feedrate(AxisEnum)::string (instance 2)
                         0x800'59d2     0x2  Data  Wk  Marlin_main.o [3]
set_stepper_direction()
                         0x800'daa1   0x108  Code  Gb  stepper.o [3]
setup()                  0x800'5fc5    0x30  Code  Gb  Marlin_main.o [3]
sinf                     0x801'05b3     0xa  Code  Gb  cos_sin32.o [14]
slow_card               0x2000'2905     0x1  Data  Gb  SPI_MSD0_Driver.o [2]
soft_pwm                0x2000'06d0     0x2  Data  Lc  temperature.o [3]
soft_pwm_bed            0x2000'06d3     0x1  Data  Gb  temperature.o [3]
soft_pwm_fan            0x2000'06d5     0x1  Data  Lc  temperature.o [3]
sprintf                  0x800'e66d    0x40  Code  Gb  sprintf.o [12]
sqrtf                    0x801'1481          Code  Gb  sqrtf.o [14]
st_clust                 0x800'2ac1    0x24  Code  Lc  ff.o [2]
st_dword                 0x800'2131    0x10  Code  Lc  ff.o [2]
st_get_position(unsigned char)
                         0x800'e3c5     0xe  Code  Gb  stepper.o [3]
st_get_position_mm(AxisEnum)
                         0x800'e3d9    0x18  Code  Gb  stepper.o [3]
st_init()                0x800'e0bd   0x2a8  Code  Gb  stepper.o [3]
st_qword                 0x800'2141    0x36  Code  Lc  ff.o [2]
st_set_e_position(long const &)
                         0x800'e3b5     0xc  Code  Gb  stepper.o [3]
st_set_position(long const &, long const &, long const &, long const &)
                         0x800'e391    0x1a  Code  Gb  stepper.o [3]
st_synchronize()         0x800'e375    0x16  Code  Gb  stepper.o [3]
st_wake_up()             0x800'da93     0xe  Code  Gb  stepper.o [3]
st_word                  0x800'2129     0x8  Code  Lc  ff.o [2]
start_after_download    0x2000'2901     0x1  Data  Gb  Marlin_main.o [3]
start_watching_heater(int)
                         0x800'c1db    0x4a  Code  Gb  temperature.o [3]
started                 0x2000'0b32     0x1  Data  Gb  wifi.o [3]
step_events_completed   0x2000'06b4     0x4  Data  Lc  stepper.o [3]
step_loops              0x2000'0672     0x1  Data  Lc  stepper.o [3]
step_loops_nominal      0x2000'067c     0x2  Data  Lc  stepper.o [3]
stepper_inactive_time   0x2000'04ec     0x4  Data  Lc  Marlin_main.o [3]
stepper_timer()          0x800'dd59   0x320  Code  Gb  stepper.o [3]
stepper_timer_init()     0x800'c891    0x32  Code  Gb  Platform.o [3]
store_char               0x800'8fed    0x5c  Code  Gb  MarlinSerial.o [3]
store_char_usb           0x800'9049    0x1c  Code  Gb  MarlinSerial.o [3]
store_xdir               0x800'2c37    0x62  Code  Lc  ff.o [2]
strcat                   0x801'1ee1    0x1c  Code  Gb  strcat.o [12]
strchr                   0x800'e581          Code  Gb  strchr.o [15]
strlen                   0x801'08f1          Code  Gb  strlen.o [15]
strncat                  0x801'1efd    0x2a  Code  Gb  strncat.o [12]
strncmp                  0x801'0e9d    0x2e  Code  Gb  strncmp.o [12]
strtod                   0x800'e9eb     0xa  Code  Gb  strto64.o [14]
strtol                   0x800'e62d     0xa  Code  Gb  iar_Stolx.o [12]
strtold                  0x800'e9eb     0xa  Code  Gb  strto64.o [14]
sum_sfn                  0x800'2ae5    0x1a  Code  Lc  ff.o [2]
sync()                   0x800'6a3b    0x1e  Code  Gb  Marlin_main.o [3]
sync()::sync_packet      0x801'4c44    0x10  Data  Lc  Marlin_main.o [3]
sync_fs                  0x800'224b    0x88  Code  Lc  ff.o [2]
sync_plan_position()     0x800'ebb1    0x1c  Code  Wk  Marlin_main.o [3]
sync_window              0x800'21bf    0x56  Code  Lc  ff.o [2]
systick_count           0x2000'28c8     0x4  Data  Gb  Platform.o [3]
target_direction        0x2000'04fc     0x1  Data  Gb  Marlin_main.o [3]
target_extruder         0x2000'0486     0x1  Data  Lc  Marlin_main.o [3]
target_temperature      0x2000'06d8    0x10  Data  Gb  temperature.o [3]
target_temperature_bed  0x2000'07a8     0x4  Data  Gb  temperature.o [3]
temp_count              0x2000'27e0     0x1  Data  Gb  Platform.o [3]
temp_cpu                0x2000'06d6     0x2  Data  Gb  temperature.o [3]
temp_dState             0x2000'07e0     0x8  Data  Lc  temperature.o [3]
temp_dState_bed         0x2000'07bc     0x4  Data  Lc  temperature.o [3]
temp_iState             0x2000'07d8     0x8  Data  Lc  temperature.o [3]
temp_iState_bed         0x2000'07b8     0x4  Data  Lc  temperature.o [3]
temp_iState_max         0x2000'0720     0x8  Data  Lc  temperature.o [3]
temp_iState_max_bed     0x2000'0728     0x4  Data  Lc  temperature.o [3]
temp_iState_min         0x2000'07b0     0x8  Data  Lc  temperature.o [3]
temp_iState_min_bed     0x2000'07c4     0x4  Data  Lc  temperature.o [3]
temp_meas_ready         0x2000'06d4     0x1  Data  Lc  temperature.o [3]
temptable_1              0x801'4c54    0xf4  Data  Lc  temperature.o [3]
temptable_5              0x801'4d48    0x80  Data  Lc  temperature.o [3]
thermal_runaway_protection(TRState *, millis_t *, float, float, int, int, int)::tr_target_temperature
                        0x2000'28a0    0x14  Data  Lc  temperature.o [3]
thermal_runaway_protection(TRState *, unsigned long *, float, float, int, int, int)
                         0x800'c22d    0xac  Code  Gb  temperature.o [3]
thermal_runaway_state_machine
                        0x2000'0764     0x4  Data  Lc  temperature.o [3]
thermal_runaway_timer   0x2000'0768    0x10  Data  Lc  temperature.o [3]
thermistor_bed_type     0x2000'077c     0x1  Data  Gb  temperature.o [3]
thermistor_type         0x2000'077b     0x1  Data  Gb  temperature.o [3]
tp_init()                0x800'c049   0x192  Code  Gb  temperature.o [3]
travel_acceleration     0x2000'267c     0x4  Data  Gb  planner.o [3]
unknown_command_error()
                         0x800'67fd    0x20  Code  Gb  Marlin_main.o [3]
unlocked                0x2000'28ff     0x1  Data  Gb  Main.o [1]
unscalePID_d(float)      0x800'c545     0x2  Code  Gb  temperature.o [3]
unscalePID_i(float)      0x800'c531     0x4  Code  Gb  temperature.o [3]
updatePID()              0x800'b901    0x32  Code  Gb  temperature.o [3]
update_LCD()             0x800'6a95   0x15a  Code  Gb  Marlin_main.o [3]
update_endstops()        0x801'156d   0x184  Code  Wk  stepper.o [3]
update_endstops_ext()    0x800'da8b     0x8  Code  Gb  stepper.o [3]
usbd_cdc_AltSet         0x2000'08e0     0x4  Data  Lc  usbd_cdc_core.o [6]
usbd_cdc_CfgDesc         0x801'55a0    0x44  Data  Gb  usbd_cdc_core.o [6]
usbd_cdc_DataIn          0x801'4573    0x58  Code  Gb  usbd_cdc_core.o [6]
usbd_cdc_DataOut         0x801'45cb    0x2a  Code  Gb  usbd_cdc_core.o [6]
usbd_cdc_DeInit          0x801'4489    0x24  Code  Gb  usbd_cdc_core.o [6]
usbd_cdc_EP0_RxReady     0x801'4555    0x1e  Code  Gb  usbd_cdc_core.o [6]
usbd_cdc_Init            0x801'4425    0x64  Code  Gb  usbd_cdc_core.o [6]
usbd_cdc_SOF             0x801'45f5    0x84  Code  Gb  usbd_cdc_core.o [6]
usbd_cdc_SOF::FrameCount
                        0x2000'220c     0x4  Data  Lc  usbd_cdc_core.o [6]
usbd_cdc_Setup           0x801'44ad    0xa8  Code  Gb  usbd_cdc_core.o [6]
validate                 0x800'3d61    0x36  Code  Lc  ff.o [2]
volumetric_enabled      0x2000'0482     0x1  Data  Gb  Marlin_main.o [3]
volumetric_multiplier   0x2000'0570     0x8  Data  Gb  Marlin_main.o [3]
wInterrupt_Mask         0x2000'28f0     0x4  Data  Gb  usb_dcd.o [9]
watch_heater_next_ms    0x2000'0750    0x14  Data  Gb  temperature.o [3]
watch_target_temp       0x2000'073c    0x14  Data  Gb  temperature.o [3]
wifi_buff_obj           0x2000'0b24     0x8  Data  Gb  wifi.o [3]
wifi_buff_ptr           0x2000'0b2c     0x1  Data  Gb  wifi.o [3]
wifi_buff_state         0x2000'0b2d     0x1  Data  Gb  wifi.o [3]
wifi_buff_value         0x2000'2828    0x20  Data  Gb  wifi.o [3]
wifi_download           0x2000'0b2f     0x1  Data  Gb  wifi.o [3]
wifi_gw                 0x2000'0b20     0x4  Data  Gb  wifi.o [3]
wifi_init()              0x800'937d    0x34  Code  Gb  wifi.o [3]
wifi_ip                 0x2000'0b18     0x4  Data  Gb  wifi.o [3]
wifi_mac                0x2000'0b34    0x14  Data  Gb  wifi.o [3]
wifi_mask               0x2000'0b1c     0x4  Data  Gb  wifi.o [3]
wifi_password           0x2000'2868    0x20  Data  Gb  wifi.o [3]
wifi_process()           0x800'9729   0x7a4  Code  Gb  wifi.o [3]
wifi_put(char)           0x801'0c89    0x24  Code  Wk  wifi.o [3]
wifi_r_buff_ptr         0x2000'0b48     0x2  Data  Gb  wifi.o [3]
wifi_ssid               0x2000'2848    0x20  Data  Gb  wifi.o [3]
wifi_status             0x2000'0b2e     0x1  Data  Gb  wifi.o [3]
wifi_update()            0x800'9f61   0x3c0  Code  Gb  wifi.o [3]
wifi_w_buff_ptr         0x2000'0b52     0x2  Data  Gb  Platform.o [3]
wifi_writeInt(unsigned short, unsigned char)
                         0x800'92a1    0x6a  Code  Gb  wifi.o [3]
wifi_writeInt32(unsigned int, unsigned char)
                         0x800'930d    0x70  Code  Gb  wifi.o [3]
wifi_writeString(char *)
                         0x800'9269    0x14  Code  Gb  wifi.o [3]
wifi_writeString_safe(char *)
                         0x800'927d    0x24  Code  Gb  wifi.o [3]
writeString(char *)      0x801'3bed    0x26  Code  Gb  Main.o [1]
xdir_sum                 0x800'2aff    0x2c  Code  Lc  ff.o [2]
xname_sum                0x800'2b2b    0x30  Code  Lc  ff.o [2]
xtal_failed             0x2000'2907     0x1  Data  Gb  usb_bsp.o [11]
z_counter               0x2000'0670     0x1  Data  Gb  stepper.o [3]
zprobe_zoffset          0x2000'28e0     0x4  Data  Gb  Marlin_main.o [3]


[1] = S:\MM32-F070-DELTA-M200v3\Projects\EWARM\DEBUG\Obj
[2] = S:\MM32-F070-DELTA-M200v3\Projects\EWARM\DEBUG\Obj\FS
[3] = S:\MM32-F070-DELTA-M200v3\Projects\EWARM\DEBUG\Obj\Motion
[4] = S:\MM32-F070-DELTA-M200v3\Projects\EWARM\DEBUG\Obj\STM32F0XX
[5] = S:\MM32-F070-DELTA-M200v3\Projects\EWARM\DEBUG\Obj\STM32F0XX\STM32F072_StdPeriph_Driver
[6] = S:\MM32-F070-DELTA-M200v3\Projects\EWARM\DEBUG\Obj\STM32_USB_Device_Library\Class\CDC
[7] = S:\MM32-F070-DELTA-M200v3\Projects\EWARM\DEBUG\Obj\STM32_USB_Device_Library\Class\MSC
[8] = S:\MM32-F070-DELTA-M200v3\Projects\EWARM\DEBUG\Obj\STM32_USB_Device_Library\Class\WRAPPER
[9] = S:\MM32-F070-DELTA-M200v3\Projects\EWARM\DEBUG\Obj\STM32_USB_Device_Library\Drivers
[10] = S:\MM32-F070-DELTA-M200v3\Projects\EWARM\DEBUG\Obj\STM32_USB_Device_Library\Library
[11] = S:\MM32-F070-DELTA-M200v3\Projects\EWARM\DEBUG\Obj\USB
[12] = dl6M_tln.a
[13] = dlpprt6M_tl_nc.a
[14] = m6M_tl.a
[15] = rt6M_tl.a

  73'988 bytes of readonly  code memory
   7'307 bytes of readonly  data memory (+ 4     absolute)
  11'502 bytes of readwrite data memory (+ 1'036 absolute)

Errors: none
Warnings: 2
